Archive member included to satisfy reference by file (symbol)

/usr/bin/../lib/gcc/arm-none-eabi/10.3.1/../../../../arm-none-eabi/lib/thumb/v7e-m+fp/hard/libc_nano.a(lib_a-exit.o)
                              /usr/bin/../lib/gcc/arm-none-eabi/10.3.1/../../../../arm-none-eabi/lib/thumb/v7e-m+fp/hard/crt0.o (exit)
/usr/bin/../lib/gcc/arm-none-eabi/10.3.1/../../../../arm-none-eabi/lib/thumb/v7e-m+fp/hard/libc_nano.a(lib_a-impure.o)
                              /usr/bin/../lib/gcc/arm-none-eabi/10.3.1/../../../../arm-none-eabi/lib/thumb/v7e-m+fp/hard/libc_nano.a(lib_a-exit.o) (_global_impure_ptr)
/usr/bin/../lib/gcc/arm-none-eabi/10.3.1/../../../../arm-none-eabi/lib/thumb/v7e-m+fp/hard/libc_nano.a(lib_a-init.o)
                              /usr/bin/../lib/gcc/arm-none-eabi/10.3.1/../../../../arm-none-eabi/lib/thumb/v7e-m+fp/hard/crt0.o (__libc_init_array)
/usr/bin/../lib/gcc/arm-none-eabi/10.3.1/../../../../arm-none-eabi/lib/thumb/v7e-m+fp/hard/libc_nano.a(lib_a-memset.o)
                              /usr/bin/../lib/gcc/arm-none-eabi/10.3.1/../../../../arm-none-eabi/lib/thumb/v7e-m+fp/hard/crt0.o (memset)
/usr/bin/../lib/gcc/arm-none-eabi/10.3.1/thumb/v7e-m+fp/hard/libgcc.a(_aeabi_uldivmod.o)
                              CMakeFiles/ProjectMX.dir/Drivers/STM32F4xx_HAL_Driver/Src/stm32f4xx_hal_rcc.c.obj (__aeabi_uldivmod)
/usr/bin/../lib/gcc/arm-none-eabi/10.3.1/thumb/v7e-m+fp/hard/libgcc.a(_udivmoddi4.o)
                              /usr/bin/../lib/gcc/arm-none-eabi/10.3.1/thumb/v7e-m+fp/hard/libgcc.a(_aeabi_uldivmod.o) (__udivmoddi4)
/usr/bin/../lib/gcc/arm-none-eabi/10.3.1/thumb/v7e-m+fp/hard/libgcc.a(_dvmd_tls.o)
                              /usr/bin/../lib/gcc/arm-none-eabi/10.3.1/thumb/v7e-m+fp/hard/libgcc.a(_aeabi_uldivmod.o) (__aeabi_ldiv0)
/usr/bin/../lib/gcc/arm-none-eabi/10.3.1/../../../../arm-none-eabi/lib/thumb/v7e-m+fp/hard/libnosys.a(_exit.o)
                              /usr/bin/../lib/gcc/arm-none-eabi/10.3.1/../../../../arm-none-eabi/lib/thumb/v7e-m+fp/hard/libc_nano.a(lib_a-exit.o) (_exit)

Discarded input sections

 .text          0x0000000000000000        0x0 /usr/bin/../lib/gcc/arm-none-eabi/10.3.1/thumb/v7e-m+fp/hard/crti.o
 .data          0x0000000000000000        0x0 /usr/bin/../lib/gcc/arm-none-eabi/10.3.1/thumb/v7e-m+fp/hard/crti.o
 .bss           0x0000000000000000        0x0 /usr/bin/../lib/gcc/arm-none-eabi/10.3.1/thumb/v7e-m+fp/hard/crti.o
 .data          0x0000000000000000        0x4 /usr/bin/../lib/gcc/arm-none-eabi/10.3.1/thumb/v7e-m+fp/hard/crtbegin.o
 .rodata        0x0000000000000000       0x24 /usr/bin/../lib/gcc/arm-none-eabi/10.3.1/thumb/v7e-m+fp/hard/crtbegin.o
 .text          0x0000000000000000       0x7c /usr/bin/../lib/gcc/arm-none-eabi/10.3.1/../../../../arm-none-eabi/lib/thumb/v7e-m+fp/hard/crt0.o
 .data          0x0000000000000000        0x0 /usr/bin/../lib/gcc/arm-none-eabi/10.3.1/../../../../arm-none-eabi/lib/thumb/v7e-m+fp/hard/crt0.o
 .bss           0x0000000000000000        0x0 /usr/bin/../lib/gcc/arm-none-eabi/10.3.1/../../../../arm-none-eabi/lib/thumb/v7e-m+fp/hard/crt0.o
 .ARM.extab     0x0000000000000000        0x0 /usr/bin/../lib/gcc/arm-none-eabi/10.3.1/../../../../arm-none-eabi/lib/thumb/v7e-m+fp/hard/crt0.o
 .ARM.exidx     0x0000000000000000       0x10 /usr/bin/../lib/gcc/arm-none-eabi/10.3.1/../../../../arm-none-eabi/lib/thumb/v7e-m+fp/hard/crt0.o
 .ARM.attributes
                0x0000000000000000       0x1c /usr/bin/../lib/gcc/arm-none-eabi/10.3.1/../../../../arm-none-eabi/lib/thumb/v7e-m+fp/hard/crt0.o
 .text          0x0000000000000000        0x0 /usr/bin/../lib/gcc/arm-none-eabi/10.3.1/../../../../arm-none-eabi/lib/thumb/v7e-m+fp/hard/libc_nano.a(lib_a-exit.o)
 .data          0x0000000000000000        0x0 /usr/bin/../lib/gcc/arm-none-eabi/10.3.1/../../../../arm-none-eabi/lib/thumb/v7e-m+fp/hard/libc_nano.a(lib_a-exit.o)
 .bss           0x0000000000000000        0x0 /usr/bin/../lib/gcc/arm-none-eabi/10.3.1/../../../../arm-none-eabi/lib/thumb/v7e-m+fp/hard/libc_nano.a(lib_a-exit.o)
 .text.exit     0x0000000000000000       0x28 /usr/bin/../lib/gcc/arm-none-eabi/10.3.1/../../../../arm-none-eabi/lib/thumb/v7e-m+fp/hard/libc_nano.a(lib_a-exit.o)
 .debug_frame   0x0000000000000000       0x28 /usr/bin/../lib/gcc/arm-none-eabi/10.3.1/../../../../arm-none-eabi/lib/thumb/v7e-m+fp/hard/libc_nano.a(lib_a-exit.o)
 .ARM.attributes
                0x0000000000000000       0x34 /usr/bin/../lib/gcc/arm-none-eabi/10.3.1/../../../../arm-none-eabi/lib/thumb/v7e-m+fp/hard/libc_nano.a(lib_a-exit.o)
 .text          0x0000000000000000        0x0 /usr/bin/../lib/gcc/arm-none-eabi/10.3.1/../../../../arm-none-eabi/lib/thumb/v7e-m+fp/hard/libc_nano.a(lib_a-impure.o)
 .data          0x0000000000000000        0x0 /usr/bin/../lib/gcc/arm-none-eabi/10.3.1/../../../../arm-none-eabi/lib/thumb/v7e-m+fp/hard/libc_nano.a(lib_a-impure.o)
[...]
Memory Configuration

Name             Origin             Length             Attributes
RAM              0x0000000020000000 0x0000000000008000 xrw
FLASH            0x0000000008000000 0x0000000000020000 xr
*default*        0x0000000000000000 0xffffffffffffffff

Linker script and memory map

LOAD /usr/bin/../lib/gcc/arm-none-eabi/10.3.1/thumb/v7e-m+fp/hard/crti.o
LOAD /usr/bin/../lib/gcc/arm-none-eabi/10.3.1/thumb/v7e-m+fp/hard/crtbegin.o
LOAD /usr/bin/../lib/gcc/arm-none-eabi/10.3.1/../../../../arm-none-eabi/lib/thumb/v7e-m+fp/hard/crt0.o
START GROUP
LOAD /usr/bin/../lib/gcc/arm-none-eabi/10.3.1/../../../../arm-none-eabi/lib/thumb/v7e-m+fp/hard/libc_nano.a
LOAD /usr/bin/../lib/gcc/arm-none-eabi/10.3.1/../../../../arm-none-eabi/lib/thumb/v7e-m+fp/hard/libm.a
LOAD /usr/bin/../lib/gcc/arm-none-eabi/10.3.1/../../../../arm-none-eabi/lib/thumb/v7e-m+fp/hard/libstdc++_nano.a
END GROUP
LOAD CMakeFiles/ProjectMX.dir/Core/Src/main.c.obj
LOAD CMakeFiles/ProjectMX.dir/Core/Src/stm32f4xx_hal_msp.c.obj
LOAD CMakeFiles/ProjectMX.dir/Core/Src/stm32f4xx_it.c.obj
LOAD CMakeFiles/ProjectMX.dir/Core/Src/system_stm32f4xx.c.obj
LOAD CMakeFiles/ProjectMX.dir/Drivers/STM32F4xx_HAL_Driver/Src/stm32f4xx_hal.c.obj
LOAD CMakeFiles/ProjectMX.dir/Drivers/STM32F4xx_HAL_Driver/Src/stm32f4xx_hal_adc.c.obj
LOAD CMakeFiles/ProjectMX.dir/Drivers/STM32F4xx_HAL_Driver/Src/stm32f4xx_hal_adc_ex.c.obj
LOAD CMakeFiles/ProjectMX.dir/Drivers/STM32F4xx_HAL_Driver/Src/stm32f4xx_hal_can.c.obj
LOAD CMakeFiles/ProjectMX.dir/Drivers/STM32F4xx_HAL_Driver/Src/stm32f4xx_hal_cec.c.obj
LOAD CMakeFiles/ProjectMX.dir/Drivers/STM32F4xx_HAL_Driver/Src/stm32f4xx_hal_cortex.c.obj
LOAD CMakeFiles/ProjectMX.dir/Drivers/STM32F4xx_HAL_Driver/Src/stm32f4xx_hal_crc.c.obj
LOAD CMakeFiles/ProjectMX.dir/Drivers/STM32F4xx_HAL_Driver/Src/stm32f4xx_hal_cryp.c.obj
LOAD CMakeFiles/ProjectMX.dir/Drivers/STM32F4xx_HAL_Driver/Src/stm32f4xx_hal_cryp_ex.c.obj
LOAD CMakeFiles/ProjectMX.dir/Drivers/STM32F4xx_HAL_Driver/Src/stm32f4xx_hal_dac.c.obj
LOAD CMakeFiles/ProjectMX.dir/Drivers/STM32F4xx_HAL_Driver/Src/stm32f4xx_hal_dac_ex.c.obj
LOAD CMakeFiles/ProjectMX.dir/Drivers/STM32F4xx_HAL_Driver/Src/stm32f4xx_hal_dcmi.c.obj
LOAD CMakeFiles/ProjectMX.dir/Drivers/STM32F4xx_HAL_Driver/Src/stm32f4xx_hal_dcmi_ex.c.obj
LOAD CMakeFiles/ProjectMX.dir/Drivers/STM32F4xx_HAL_Driver/Src/stm32f4xx_hal_dfsdm.c.obj
LOAD CMakeFiles/ProjectMX.dir/Drivers/STM32F4xx_HAL_Driver/Src/stm32f4xx_hal_dma.c.obj
LOAD CMakeFiles/ProjectMX.dir/Drivers/STM32F4xx_HAL_Driver/Src/stm32f4xx_hal_dma2d.c.obj
LOAD CMakeFiles/ProjectMX.dir/Drivers/STM32F4xx_HAL_Driver/Src/stm32f4xx_hal_dma_ex.c.obj
LOAD CMakeFiles/ProjectMX.dir/Drivers/STM32F4xx_HAL_Driver/Src/stm32f4xx_hal_dsi.c.obj
LOAD CMakeFiles/ProjectMX.dir/Drivers/STM32F4xx_HAL_Driver/Src/stm32f4xx_hal_eth.c.obj
LOAD CMakeFiles/ProjectMX.dir/Drivers/STM32F4xx_HAL_Driver/Src/stm32f4xx_hal_exti.c.obj
LOAD CMakeFiles/ProjectMX.dir/Drivers/STM32F4xx_HAL_Driver/Src/stm32f4xx_hal_flash.c.obj
LOAD CMakeFiles/ProjectMX.dir/Drivers/STM32F4xx_HAL_Driver/Src/stm32f4xx_hal_flash_ex.c.obj
LOAD CMakeFiles/ProjectMX.dir/Drivers/STM32F4xx_HAL_Driver/Src/stm32f4xx_hal_flash_ramfunc.c.obj
LOAD CMakeFiles/ProjectMX.dir/Drivers/STM32F4xx_HAL_Driver/Src/stm32f4xx_hal_fmpi2c.c.obj
LOAD CMakeFiles/ProjectMX.dir/Drivers/STM32F4xx_HAL_Driver/Src/stm32f4xx_hal_fmpi2c_ex.c.obj
LOAD CMakeFiles/ProjectMX.dir/Drivers/STM32F4xx_HAL_Driver/Src/stm32f4xx_hal_fmpsmbus.c.obj
LOAD CMakeFiles/ProjectMX.dir/Drivers/STM32F4xx_HAL_Driver/Src/stm32f4xx_hal_fmpsmbus_ex.c.obj
LOAD CMakeFiles/ProjectMX.dir/Drivers/STM32F4xx_HAL_Driver/Src/stm32f4xx_hal_gpio.c.obj
LOAD CMakeFiles/ProjectMX.dir/Drivers/STM32F4xx_HAL_Driver/Src/stm32f4xx_hal_hash.c.obj
LOAD CMakeFiles/ProjectMX.dir/Drivers/STM32F4xx_HAL_Driver/Src/stm32f4xx_hal_hash_ex.c.obj
LOAD CMakeFiles/ProjectMX.dir/Drivers/STM32F4xx_HAL_Driver/Src/stm32f4xx_hal_hcd.c.obj
LOAD CMakeFiles/ProjectMX.dir/Drivers/STM32F4xx_HAL_Driver/Src/stm32f4xx_hal_i2c.c.obj
LOAD CMakeFiles/ProjectMX.dir/Drivers/STM32F4xx_HAL_Driver/Src/stm32f4xx_hal_i2c_ex.c.obj
LOAD CMakeFiles/ProjectMX.dir/Drivers/STM32F4xx_HAL_Driver/Src/stm32f4xx_hal_i2s.c.obj
LOAD CMakeFiles/ProjectMX.dir/Drivers/STM32F4xx_HAL_Driver/Src/stm32f4xx_hal_i2s_ex.c.obj
LOAD CMakeFiles/ProjectMX.dir/Drivers/STM32F4xx_HAL_Driver/Src/stm32f4xx_hal_irda.c.obj
LOAD CMakeFiles/ProjectMX.dir/Drivers/STM32F4xx_HAL_Driver/Src/stm32f4xx_hal_iwdg.c.obj
LOAD CMakeFiles/ProjectMX.dir/Drivers/STM32F4xx_HAL_Driver/Src/stm32f4xx_hal_lptim.c.obj
LOAD CMakeFiles/ProjectMX.dir/Drivers/STM32F4xx_HAL_Driver/Src/stm32f4xx_hal_ltdc.c.obj
LOAD CMakeFiles/ProjectMX.dir/Drivers/STM32F4xx_HAL_Driver/Src/stm32f4xx_hal_ltdc_ex.c.obj
LOAD CMakeFiles/ProjectMX.dir/Drivers/STM32F4xx_HAL_Driver/Src/stm32f4xx_hal_mmc.c.obj
LOAD CMakeFiles/ProjectMX.dir/Drivers/STM32F4xx_HAL_Driver/Src/stm32f4xx_hal_nand.c.obj
LOAD CMakeFiles/ProjectMX.dir/Drivers/STM32F4xx_HAL_Driver/Src/stm32f4xx_hal_nor.c.obj
LOAD CMakeFiles/ProjectMX.dir/Drivers/STM32F4xx_HAL_Driver/Src/stm32f4xx_hal_pccard.c.obj
LOAD CMakeFiles/ProjectMX.dir/Drivers/STM32F4xx_HAL_Driver/Src/stm32f4xx_hal_pcd.c.obj
LOAD CMakeFiles/ProjectMX.dir/Drivers/STM32F4xx_HAL_Driver/Src/stm32f4xx_hal_pcd_ex.c.obj
LOAD CMakeFiles/ProjectMX.dir/Drivers/STM32F4xx_HAL_Driver/Src/stm32f4xx_hal_pwr.c.obj
LOAD CMakeFiles/ProjectMX.dir/Drivers/STM32F4xx_HAL_Driver/Src/stm32f4xx_hal_pwr_ex.c.obj
LOAD CMakeFiles/ProjectMX.dir/Drivers/STM32F4xx_HAL_Driver/Src/stm32f4xx_hal_qspi.c.obj
LOAD CMakeFiles/ProjectMX.dir/Drivers/STM32F4xx_HAL_Driver/Src/stm32f4xx_hal_rcc.c.obj
LOAD CMakeFiles/ProjectMX.dir/Drivers/STM32F4xx_HAL_Driver/Src/stm32f4xx_hal_rcc_ex.c.obj
LOAD CMakeFiles/ProjectMX.dir/Drivers/STM32F4xx_HAL_Driver/Src/stm32f4xx_hal_rng.c.obj
LOAD CMakeFiles/ProjectMX.dir/Drivers/STM32F4xx_HAL_Driver/Src/stm32f4xx_hal_rtc.c.obj
LOAD CMakeFiles/ProjectMX.dir/Drivers/STM32F4xx_HAL_Driver/Src/stm32f4xx_hal_rtc_ex.c.obj
LOAD CMakeFiles/ProjectMX.dir/Drivers/STM32F4xx_HAL_Driver/Src/stm32f4xx_hal_sai.c.obj
LOAD CMakeFiles/ProjectMX.dir/Drivers/STM32F4xx_HAL_Driver/Src/stm32f4xx_hal_sai_ex.c.obj
LOAD CMakeFiles/ProjectMX.dir/Drivers/STM32F4xx_HAL_Driver/Src/stm32f4xx_hal_sd.c.obj
LOAD CMakeFiles/ProjectMX.dir/Drivers/STM32F4xx_HAL_Driver/Src/stm32f4xx_hal_sdram.c.obj
LOAD CMakeFiles/ProjectMX.dir/Drivers/STM32F4xx_HAL_Driver/Src/stm32f4xx_hal_smartcard.c.obj
LOAD CMakeFiles/ProjectMX.dir/Drivers/STM32F4xx_HAL_Driver/Src/stm32f4xx_hal_smbus.c.obj
LOAD CMakeFiles/ProjectMX.dir/Drivers/STM32F4xx_HAL_Driver/Src/stm32f4xx_hal_spdifrx.c.obj
LOAD CMakeFiles/ProjectMX.dir/Drivers/STM32F4xx_HAL_Driver/Src/stm32f4xx_hal_spi.c.obj
LOAD CMakeFiles/ProjectMX.dir/Drivers/STM32F4xx_HAL_Driver/Src/stm32f4xx_hal_sram.c.obj
LOAD CMakeFiles/ProjectMX.dir/Drivers/STM32F4xx_HAL_Driver/Src/stm32f4xx_hal_tim.c.obj
LOAD CMakeFiles/ProjectMX.dir/Drivers/STM32F4xx_HAL_Driver/Src/stm32f4xx_hal_tim_ex.c.obj
LOAD CMakeFiles/ProjectMX.dir/Drivers/STM32F4xx_HAL_Driver/Src/stm32f4xx_hal_uart.c.obj
LOAD CMakeFiles/ProjectMX.dir/Drivers/STM32F4xx_HAL_Driver/Src/stm32f4xx_hal_usart.c.obj
LOAD CMakeFiles/ProjectMX.dir/Drivers/STM32F4xx_HAL_Driver/Src/stm32f4xx_hal_wwdg.c.obj
LOAD CMakeFiles/ProjectMX.dir/Drivers/STM32F4xx_HAL_Driver/Src/stm32f4xx_ll_adc.c.obj
LOAD CMakeFiles/ProjectMX.dir/Drivers/STM32F4xx_HAL_Driver/Src/stm32f4xx_ll_crc.c.obj
LOAD CMakeFiles/ProjectMX.dir/Drivers/STM32F4xx_HAL_Driver/Src/stm32f4xx_ll_dac.c.obj
LOAD CMakeFiles/ProjectMX.dir/Drivers/STM32F4xx_HAL_Driver/Src/stm32f4xx_ll_dma.c.obj
LOAD CMakeFiles/ProjectMX.dir/Drivers/STM32F4xx_HAL_Driver/Src/stm32f4xx_ll_dma2d.c.obj
LOAD CMakeFiles/ProjectMX.dir/Drivers/STM32F4xx_HAL_Driver/Src/stm32f4xx_ll_exti.c.obj
LOAD CMakeFiles/ProjectMX.dir/Drivers/STM32F4xx_HAL_Driver/Src/stm32f4xx_ll_fmc.c.obj
LOAD CMakeFiles/ProjectMX.dir/Drivers/STM32F4xx_HAL_Driver/Src/stm32f4xx_ll_fmpi2c.c.obj
LOAD CMakeFiles/ProjectMX.dir/Drivers/STM32F4xx_HAL_Driver/Src/stm32f4xx_ll_fsmc.c.obj
LOAD CMakeFiles/ProjectMX.dir/Drivers/STM32F4xx_HAL_Driver/Src/stm32f4xx_ll_gpio.c.obj
LOAD CMakeFiles/ProjectMX.dir/Drivers/STM32F4xx_HAL_Driver/Src/stm32f4xx_ll_i2c.c.obj
LOAD CMakeFiles/ProjectMX.dir/Drivers/STM32F4xx_HAL_Driver/Src/stm32f4xx_ll_lptim.c.obj
LOAD CMakeFiles/ProjectMX.dir/Drivers/STM32F4xx_HAL_Driver/Src/stm32f4xx_ll_pwr.c.obj
LOAD CMakeFiles/ProjectMX.dir/Drivers/STM32F4xx_HAL_Driver/Src/stm32f4xx_ll_rcc.c.obj
LOAD CMakeFiles/ProjectMX.dir/Drivers/STM32F4xx_HAL_Driver/Src/stm32f4xx_ll_rng.c.obj
LOAD CMakeFiles/ProjectMX.dir/Drivers/STM32F4xx_HAL_Driver/Src/stm32f4xx_ll_rtc.c.obj
LOAD CMakeFiles/ProjectMX.dir/Drivers/STM32F4xx_HAL_Driver/Src/stm32f4xx_ll_sdmmc.c.obj
LOAD CMakeFiles/ProjectMX.dir/Drivers/STM32F4xx_HAL_Driver/Src/stm32f4xx_ll_spi.c.obj
LOAD CMakeFiles/ProjectMX.dir/Drivers/STM32F4xx_HAL_Driver/Src/stm32f4xx_ll_tim.c.obj
LOAD CMakeFiles/ProjectMX.dir/Drivers/STM32F4xx_HAL_Driver/Src/stm32f4xx_ll_usart.c.obj
LOAD CMakeFiles/ProjectMX.dir/Drivers/STM32F4xx_HAL_Driver/Src/stm32f4xx_ll_usb.c.obj
LOAD CMakeFiles/ProjectMX.dir/Drivers/STM32F4xx_HAL_Driver/Src/stm32f4xx_ll_utils.c.obj
LOAD CMakeFiles/ProjectMX.dir/startup_stm32f410rx.s.obj
START GROUP
LOAD /usr/bin/../lib/gcc/arm-none-eabi/10.3.1/thumb/v7e-m+fp/hard/libgcc.a
LOAD /usr/bin/../lib/gcc/arm-none-eabi/10.3.1/../../../../arm-none-eabi/lib/thumb/v7e-m+fp/hard/libg_nano.a
LOAD /usr/bin/../lib/gcc/arm-none-eabi/10.3.1/../../../../arm-none-eabi/lib/thumb/v7e-m+fp/hard/libc_nano.a
END GROUP
START GROUP
LOAD /usr/bin/../lib/gcc/arm-none-eabi/10.3.1/thumb/v7e-m+fp/hard/libgcc.a
LOAD /usr/bin/../lib/gcc/arm-none-eabi/10.3.1/../../../../arm-none-eabi/lib/thumb/v7e-m+fp/hard/libc_nano.a
LOAD /usr/bin/../lib/gcc/arm-none-eabi/10.3.1/../../../../arm-none-eabi/lib/thumb/v7e-m+fp/hard/libnosys.a
END GROUP
START GROUP
LOAD /usr/bin/../lib/gcc/arm-none-eabi/10.3.1/thumb/v7e-m+fp/hard/libgcc.a
LOAD /usr/bin/../lib/gcc/arm-none-eabi/10.3.1/../../../../arm-none-eabi/lib/thumb/v7e-m+fp/hard/libc_nano.a
LOAD /usr/bin/../lib/gcc/arm-none-eabi/10.3.1/../../../../arm-none-eabi/lib/thumb/v7e-m+fp/hard/libnosys.a
END GROUP
LOAD /usr/bin/../lib/gcc/arm-none-eabi/10.3.1/thumb/v7e-m+fp/hard/crtend.o
LOAD /usr/bin/../lib/gcc/arm-none-eabi/10.3.1/thumb/v7e-m+fp/hard/crtn.o
                0x0000000020008000                _estack = (ORIGIN (RAM) + LENGTH (RAM))
                0x0000000000000200                _Min_Heap_Size = 0x200
                0x0000000000000400                _Min_Stack_Size = 0x400

.isr_vector     0x0000000008000000      0x1c8
                0x0000000008000000                . = ALIGN (0x4)
 *(.isr_vector)
 .isr_vector    0x0000000008000000      0x1c8 CMakeFiles/ProjectMX.dir/startup_stm32f410rx.s.obj
                0x0000000008000000                g_pfnVectors
                0x00000000080001c8                . = ALIGN (0x4)

.text           0x00000000080001c8     0x12a4
                0x00000000080001c8                . = ALIGN (0x4)
 *(.text)
 .text          0x00000000080001c8       0x40 /usr/bin/../lib/gcc/arm-none-eabi/10.3.1/thumb/v7e-m+fp/hard/crtbegin.o
 .text          0x0000000008000208       0x30 /usr/bin/../lib/gcc/arm-none-eabi/10.3.1/thumb/v7e-m+fp/hard/libgcc.a(_aeabi_uldivmod.o)
                0x0000000008000208                __aeabi_uldivmod
 .text          0x0000000008000238      0x2d0 /usr/bin/../lib/gcc/arm-none-eabi/10.3.1/thumb/v7e-m+fp/hard/libgcc.a(_udivmoddi4.o)
                0x0000000008000238                __udivmoddi4
 .text          0x0000000008000508        0x4 /usr/bin/../lib/gcc/arm-none-eabi/10.3.1/thumb/v7e-m+fp/hard/libgcc.a(_dvmd_tls.o)
                0x0000000008000508                __aeabi_ldiv0
                0x0000000008000508                __aeabi_idiv0
 *(.text*)
 .text.__libc_init_array
                0x000000000800050c       0x48 /usr/bin/../lib/gcc/arm-none-eabi/10.3.1/../../../../arm-none-eabi/lib/thumb/v7e-m+fp/hard/libc_nano.a(lib_a-init.o)
                0x000000000800050c                __libc_init_array
 .text.memset   0x0000000008000554       0x10 /usr/bin/../lib/gcc/arm-none-eabi/10.3.1/../../../../arm-none-eabi/lib/thumb/v7e-m+fp/hard/libc_nano.a(lib_a-memset.o)
                0x0000000008000554                memset
 .text.MX_GPIO_Init
                0x0000000008000564       0xa8 CMakeFiles/ProjectMX.dir/Core/Src/main.c.obj
 .text.Error_Handler
                0x000000000800060c        0x4 CMakeFiles/ProjectMX.dir/Core/Src/main.c.obj
                0x000000000800060c                Error_Handler
 .text.MX_USART1_UART_Init
                0x0000000008000610       0x34 CMakeFiles/ProjectMX.dir/Core/Src/main.c.obj
 .text.MX_USART2_UART_Init
                0x0000000008000644       0x34 CMakeFiles/ProjectMX.dir/Core/Src/main.c.obj
 .text.MX_USART6_UART_Init
                0x0000000008000678       0x34 CMakeFiles/ProjectMX.dir/Core/Src/main.c.obj
 .text.SystemClock_Config
                0x00000000080006ac       0xa0 CMakeFiles/ProjectMX.dir/Core/Src/main.c.obj
                0x00000000080006ac                SystemClock_Config
 .text.main     0x000000000800074c       0x1c CMakeFiles/ProjectMX.dir/Core/Src/main.c.obj
                0x000000000800074c                main
 .text.HAL_MspInit
                0x0000000008000768       0x40 CMakeFiles/ProjectMX.dir/Core/Src/stm32f4xx_hal_msp.c.obj
                0x0000000008000768                HAL_MspInit
 .text.HAL_UART_MspInit
                0x00000000080007a8      0x118 CMakeFiles/ProjectMX.dir/Core/Src/stm32f4xx_hal_msp.c.obj
                0x00000000080007a8                HAL_UART_MspInit
 .text.NMI_Handler
                0x00000000080008c0        0x2 CMakeFiles/ProjectMX.dir/Core/Src/stm32f4xx_it.c.obj
                0x00000000080008c0                NMI_Handler
 .text.HardFault_Handler
                0x00000000080008c2        0x2 CMakeFiles/ProjectMX.dir/Core/Src/stm32f4xx_it.c.obj
                0x00000000080008c2                HardFault_Handler
 .text.MemManage_Handler
                0x00000000080008c4        0x2 CMakeFiles/ProjectMX.dir/Core/Src/stm32f4xx_it.c.obj
                0x00000000080008c4                MemManage_Handler
 .text.BusFault_Handler
                0x00000000080008c6        0x2 CMakeFiles/ProjectMX.dir/Core/Src/stm32f4xx_it.c.obj
                0x00000000080008c6                BusFault_Handler
 .text.UsageFault_Handler
                0x00000000080008c8        0x2 CMakeFiles/ProjectMX.dir/Core/Src/stm32f4xx_it.c.obj
                0x00000000080008c8                UsageFault_Handler
 .text.SVC_Handler
                0x00000000080008ca        0x2 CMakeFiles/ProjectMX.dir/Core/Src/stm32f4xx_it.c.obj
                0x00000000080008ca                SVC_Handler
 .text.DebugMon_Handler
                0x00000000080008cc        0x2 CMakeFiles/ProjectMX.dir/Core/Src/stm32f4xx_it.c.obj
                0x00000000080008cc                DebugMon_Handler
 .text.PendSV_Handler
                0x00000000080008ce        0x2 CMakeFiles/ProjectMX.dir/Core/Src/stm32f4xx_it.c.obj
                0x00000000080008ce                PendSV_Handler
 .text.SysTick_Handler
                0x00000000080008d0        0x8 CMakeFiles/ProjectMX.dir/Core/Src/stm32f4xx_it.c.obj
                0x00000000080008d0                SysTick_Handler
 .text.SystemInit
                0x00000000080008d8       0x14 CMakeFiles/ProjectMX.dir/Core/Src/system_stm32f4xx.c.obj
                0x00000000080008d8                SystemInit
 .text.HAL_InitTick
                0x00000000080008ec       0x4c CMakeFiles/ProjectMX.dir/Drivers/STM32F4xx_HAL_Driver/Src/stm32f4xx_hal.c.obj
                0x00000000080008ec                HAL_InitTick
 .text.HAL_Init
                0x0000000008000938       0x34 CMakeFiles/ProjectMX.dir/Drivers/STM32F4xx_HAL_Driver/Src/stm32f4xx_hal.c.obj
                0x0000000008000938                HAL_Init
 .text.HAL_IncTick
                0x000000000800096c       0x18 CMakeFiles/ProjectMX.dir/Drivers/STM32F4xx_HAL_Driver/Src/stm32f4xx_hal.c.obj
                0x000000000800096c                HAL_IncTick
 .text.HAL_GetTick
                0x0000000008000984        0xc CMakeFiles/ProjectMX.dir/Drivers/STM32F4xx_HAL_Driver/Src/stm32f4xx_hal.c.obj
                0x0000000008000984                HAL_GetTick
 .text.HAL_NVIC_SetPriorityGrouping
                0x0000000008000990       0x24 CMakeFiles/ProjectMX.dir/Drivers/STM32F4xx_HAL_Driver/Src/stm32f4xx_hal_cortex.c.obj
                0x0000000008000990                HAL_NVIC_SetPriorityGrouping
 .text.HAL_NVIC_SetPriority
                0x00000000080009b4       0x70 CMakeFiles/ProjectMX.dir/Drivers/STM32F4xx_HAL_Driver/Src/stm32f4xx_hal_cortex.c.obj
                0x00000000080009b4                HAL_NVIC_SetPriority
 .text.HAL_SYSTICK_Config
                0x0000000008000a24       0x28 CMakeFiles/ProjectMX.dir/Drivers/STM32F4xx_HAL_Driver/Src/stm32f4xx_hal_cortex.c.obj
                0x0000000008000a24                HAL_SYSTICK_Config
 .text.HAL_GPIO_Init
                0x0000000008000a4c      0x1a8 CMakeFiles/ProjectMX.dir/Drivers/STM32F4xx_HAL_Driver/Src/stm32f4xx_hal_gpio.c.obj
                0x0000000008000a4c                HAL_GPIO_Init
 .text.HAL_GPIO_WritePin
                0x0000000008000bf4        0xc CMakeFiles/ProjectMX.dir/Drivers/STM32F4xx_HAL_Driver/Src/stm32f4xx_hal_gpio.c.obj
                0x0000000008000bf4                HAL_GPIO_WritePin
 .text.HAL_RCC_GetSysClockFreq
                0x0000000008000c00       0xd4 CMakeFiles/ProjectMX.dir/Drivers/STM32F4xx_HAL_Driver/Src/stm32f4xx_hal_rcc.c.obj
                0x0000000008000c00                HAL_RCC_GetSysClockFreq
 .text.HAL_RCC_ClockConfig
                0x0000000008000cd4      0x160 CMakeFiles/ProjectMX.dir/Drivers/STM32F4xx_HAL_Driver/Src/stm32f4xx_hal_rcc.c.obj
                0x0000000008000cd4                HAL_RCC_ClockConfig
 .text.HAL_RCC_GetHCLKFreq
                0x0000000008000e34        0xc CMakeFiles/ProjectMX.dir/Drivers/STM32F4xx_HAL_Driver/Src/stm32f4xx_hal_rcc.c.obj
                0x0000000008000e34                HAL_RCC_GetHCLKFreq
 .text.HAL_RCC_GetPCLK1Freq
                0x0000000008000e40       0x20 CMakeFiles/ProjectMX.dir/Drivers/STM32F4xx_HAL_Driver/Src/stm32f4xx_hal_rcc.c.obj
                0x0000000008000e40                HAL_RCC_GetPCLK1Freq
 .text.HAL_RCC_GetPCLK2Freq
                0x0000000008000e60       0x20 CMakeFiles/ProjectMX.dir/Drivers/STM32F4xx_HAL_Driver/Src/stm32f4xx_hal_rcc.c.obj
                0x0000000008000e60                HAL_RCC_GetPCLK2Freq
 .text.HAL_RCC_OscConfig
                0x0000000008000e80      0x410 CMakeFiles/ProjectMX.dir/Drivers/STM32F4xx_HAL_Driver/Src/stm32f4xx_hal_rcc_ex.c.obj
                0x0000000008000e80                HAL_RCC_OscConfig
 .text.UART_SetConfig
                0x0000000008001290      0x110 CMakeFiles/ProjectMX.dir/Drivers/STM32F4xx_HAL_Driver/Src/stm32f4xx_hal_uart.c.obj
 .text.HAL_UART_Init
                0x00000000080013a0       0x5e CMakeFiles/ProjectMX.dir/Drivers/STM32F4xx_HAL_Driver/Src/stm32f4xx_hal_uart.c.obj
                0x00000000080013a0                HAL_UART_Init
 *fill*         0x00000000080013fe        0x2 
 .text.Reset_Handler
                0x0000000008001400       0x50 CMakeFiles/ProjectMX.dir/startup_stm32f410rx.s.obj
                0x0000000008001400                Reset_Handler
 .text.Default_Handler
                0x0000000008001450        0x2 CMakeFiles/ProjectMX.dir/startup_stm32f410rx.s.obj
                0x0000000008001450                RTC_Alarm_IRQHandler
                0x0000000008001450                EXTI2_IRQHandler
                0x0000000008001450                FMPI2C1_EV_IRQHandler
                0x0000000008001450                TIM1_CC_IRQHandler
                0x0000000008001450                DMA2_Stream5_IRQHandler
                0x0000000008001450                DMA1_Stream5_IRQHandler
                0x0000000008001450                PVD_IRQHandler
                0x0000000008001450                TAMP_STAMP_IRQHandler
                0x0000000008001450                EXTI3_IRQHandler
                0x0000000008001450                EXTI0_IRQHandler
                0x0000000008001450                I2C2_EV_IRQHandler
                0x0000000008001450                DMA1_Stream2_IRQHandler
                0x0000000008001450                FPU_IRQHandler
                0x0000000008001450                DMA2_Stream2_IRQHandler
                0x0000000008001450                SPI1_IRQHandler
                0x0000000008001450                TIM6_DAC_IRQHandler
                0x0000000008001450                TIM1_BRK_TIM9_IRQHandler
                0x0000000008001450                DMA2_Stream3_IRQHandler
                0x0000000008001450                USART6_IRQHandler
                0x0000000008001450                DMA2_Stream0_IRQHandler
                0x0000000008001450                I2C1_EV_IRQHandler
                0x0000000008001450                DMA1_Stream6_IRQHandler
                0x0000000008001450                DMA1_Stream1_IRQHandler
                0x0000000008001450                RCC_IRQHandler
                0x0000000008001450                Default_Handler
                0x0000000008001450                EXTI15_10_IRQHandler
                0x0000000008001450                ADC_IRQHandler
                0x0000000008001450                DMA1_Stream7_IRQHandler
                0x0000000008001450                SPI5_IRQHandler
                0x0000000008001450                TIM5_IRQHandler
                0x0000000008001450                DMA2_Stream7_IRQHandler
                0x0000000008001450                EXTI9_5_IRQHandler
                0x0000000008001450                RTC_WKUP_IRQHandler
                0x0000000008001450                SPI2_IRQHandler
                0x0000000008001450                DMA1_Stream0_IRQHandler
                0x0000000008001450                FMPI2C1_ER_IRQHandler
                0x0000000008001450                EXTI4_IRQHandler
                0x0000000008001450                RNG_IRQHandler
                0x0000000008001450                TIM1_UP_IRQHandler
                0x0000000008001450                WWDG_IRQHandler
                0x0000000008001450                TIM1_TRG_COM_TIM11_IRQHandler
                0x0000000008001450                EXTI1_IRQHandler
                0x0000000008001450                USART2_IRQHandler
                0x0000000008001450                I2C2_ER_IRQHandler
                0x0000000008001450                DMA2_Stream1_IRQHandler
                0x0000000008001450                FLASH_IRQHandler
                0x0000000008001450                DMA2_Stream4_IRQHandler
                0x0000000008001450                USART1_IRQHandler
                0x0000000008001450                DMA1_Stream4_IRQHandler
                0x0000000008001450                I2C1_ER_IRQHandler
                0x0000000008001450                LPTIM1_IRQHandler
                0x0000000008001450                DMA2_Stream6_IRQHandler
                0x0000000008001450                DMA1_Stream3_IRQHandler
 *(.glue_7)
 .glue_7        0x0000000008001452        0x0 linker stubs
 *(.glue_7t)
 .glue_7t       0x0000000008001452        0x0 linker stubs
 *(.eh_frame)
 *fill*         0x0000000008001452        0x2 
 .eh_frame      0x0000000008001454        0x0 /usr/bin/../lib/gcc/arm-none-eabi/10.3.1/thumb/v7e-m+fp/hard/crtbegin.o
 *(.init)
 .init          0x0000000008001454        0x4 /usr/bin/../lib/gcc/arm-none-eabi/10.3.1/thumb/v7e-m+fp/hard/crti.o
                0x0000000008001454                _init
 .init          0x0000000008001458        0x8 /usr/bin/../lib/gcc/arm-none-eabi/10.3.1/thumb/v7e-m+fp/hard/crtn.o
 *(.fini)
 .fini          0x0000000008001460        0x4 /usr/bin/../lib/gcc/arm-none-eabi/10.3.1/thumb/v7e-m+fp/hard/crti.o
                0x0000000008001460                _fini
 .fini          0x0000000008001464        0x8 /usr/bin/../lib/gcc/arm-none-eabi/10.3.1/thumb/v7e-m+fp/hard/crtn.o
                0x000000000800146c                . = ALIGN (0x4)
                0x000000000800146c                _etext = .

.vfp11_veneer   0x000000000800146c        0x0
 .vfp11_veneer  0x000000000800146c        0x0 linker stubs

.v4_bx          0x000000000800146c        0x0
 .v4_bx         0x000000000800146c        0x0 linker stubs

.iplt           0x000000000800146c        0x0
 .iplt          0x000000000800146c        0x0 /usr/bin/../lib/gcc/arm-none-eabi/10.3.1/thumb/v7e-m+fp/hard/crtbegin.o

.rodata         0x000000000800146c       0x18
                0x000000000800146c                . = ALIGN (0x4)
 *(.rodata)
 *(.rodata*)
 .rodata.AHBPrescTable
                0x000000000800146c       0x10 CMakeFiles/ProjectMX.dir/Core/Src/system_stm32f4xx.c.obj
                0x000000000800146c                AHBPrescTable
 .rodata.APBPrescTable
                0x000000000800147c        0x8 CMakeFiles/ProjectMX.dir/Core/Src/system_stm32f4xx.c.obj
                0x000000000800147c                APBPrescTable
                0x0000000008001484                . = ALIGN (0x4)

.ARM.extab
 *(.ARM.extab* .gnu.linkonce.armextab.*)

.ARM            0x0000000008001484        0x8
                0x0000000008001484                __exidx_start = .
 *(.ARM.exidx*)
 .ARM.exidx     0x0000000008001484        0x8 /usr/bin/../lib/gcc/arm-none-eabi/10.3.1/thumb/v7e-m+fp/hard/libgcc.a(_udivmoddi4.o)
                0x000000000800148c                __exidx_end = .

.rel.dyn        0x000000000800148c        0x0
 .rel.iplt      0x000000000800148c        0x0 /usr/bin/../lib/gcc/arm-none-eabi/10.3.1/thumb/v7e-m+fp/hard/crtbegin.o

.preinit_array  0x000000000800148c        0x0
                0x000000000800148c                PROVIDE (__preinit_array_start = .)
 *(.preinit_array*)
                0x000000000800148c                PROVIDE (__preinit_array_end = .)

.init_array     0x000000000800148c        0x4
                0x000000000800148c                PROVIDE (__init_array_start = .)
 *(SORT_BY_NAME(.init_array.*))
 *(.init_array*)
 .init_array    0x000000000800148c        0x4 /usr/bin/../lib/gcc/arm-none-eabi/10.3.1/thumb/v7e-m+fp/hard/crtbegin.o
                0x0000000008001490                PROVIDE (__init_array_end = .)

.fini_array     0x0000000008001490        0x4
                [!provide]                        PROVIDE (__fini_array_start = .)
 *(SORT_BY_NAME(.fini_array.*))
 *(.fini_array*)
 .fini_array    0x0000000008001490        0x4 /usr/bin/../lib/gcc/arm-none-eabi/10.3.1/thumb/v7e-m+fp/hard/crtbegin.o
                [!provide]                        PROVIDE (__fini_array_end = .)
                0x0000000008001494                _sidata = LOADADDR (.data)

.data           0x0000000020000000        0xc load address 0x0000000008001494
                0x0000000020000000                . = ALIGN (0x4)
                0x0000000020000000                _sdata = .
 *(.data)
 *(.data*)
 .data.SystemCoreClock
                0x0000000020000000        0x4 CMakeFiles/ProjectMX.dir/Core/Src/system_stm32f4xx.c.obj
                0x0000000020000000                SystemCoreClock
 .data.uwTickFreq
                0x0000000020000004        0x1 CMakeFiles/ProjectMX.dir/Drivers/STM32F4xx_HAL_Driver/Src/stm32f4xx_hal.c.obj
                0x0000000020000004                uwTickFreq
 *fill*         0x0000000020000005        0x3 
 .data.uwTickPrio
                0x0000000020000008        0x4 CMakeFiles/ProjectMX.dir/Drivers/STM32F4xx_HAL_Driver/Src/stm32f4xx_hal.c.obj
                0x0000000020000008                uwTickPrio
                0x000000002000000c                . = ALIGN (0x4)
                0x000000002000000c                _edata = .

.igot.plt       0x000000002000000c        0x0 load address 0x00000000080014a0
 .igot.plt      0x000000002000000c        0x0 /usr/bin/../lib/gcc/arm-none-eabi/10.3.1/thumb/v7e-m+fp/hard/crtbegin.o
                0x000000002000000c                . = ALIGN (0x4)

.bss            0x000000002000000c       0xec load address 0x00000000080014a0
                0x000000002000000c                _sbss = .
                0x000000002000000c                __bss_start__ = _sbss
 *(.bss)
 .bss           0x000000002000000c       0x1c /usr/bin/../lib/gcc/arm-none-eabi/10.3.1/thumb/v7e-m+fp/hard/crtbegin.o
 *(.bss*)
 .bss.huart1    0x0000000020000028       0x44 CMakeFiles/ProjectMX.dir/Core/Src/main.c.obj
                0x0000000020000028                huart1
 .bss.huart2    0x000000002000006c       0x44 CMakeFiles/ProjectMX.dir/Core/Src/main.c.obj
                0x000000002000006c                huart2
 .bss.huart6    0x00000000200000b0       0x44 CMakeFiles/ProjectMX.dir/Core/Src/main.c.obj
                0x00000000200000b0                huart6
 .bss.uwTick    0x00000000200000f4        0x4 CMakeFiles/ProjectMX.dir/Drivers/STM32F4xx_HAL_Driver/Src/stm32f4xx_hal.c.obj
                0x00000000200000f4                uwTick
 *(COMMON)
                0x00000000200000f8                . = ALIGN (0x4)
                0x00000000200000f8                _ebss = .
                0x00000000200000f8                __bss_end__ = _ebss

._user_heap_stack
                0x00000000200000f8      0x600 load address 0x00000000080014a0
                0x00000000200000f8                . = ALIGN (0x8)
                [!provide]                        PROVIDE (end = .)
                [!provide]                        PROVIDE (_end = .)
                0x00000000200002f8                . = (. + _Min_Heap_Size)
 *fill*         0x00000000200000f8      0x200 
                0x00000000200006f8                . = (. + _Min_Stack_Size)
 *fill*         0x00000000200002f8      0x400 
                0x00000000200006f8                . = ALIGN (0x8)

/DISCARD/
 libc.a(*)
 libm.a(*)
 libgcc.a(*)

.ARM.attributes
                0x0000000000000000       0x30
 *(.ARM.attributes)
 .ARM.attributes
                0x0000000000000000       0x1e /usr/bin/../lib/gcc/arm-none-eabi/10.3.1/thumb/v7e-m+fp/hard/crti.o
 .ARM.attributes
                0x000000000000001e       0x34 /usr/bin/../lib/gcc/arm-none-eabi/10.3.1/thumb/v7e-m+fp/hard/crtbegin.o
 .ARM.attributes
                0x0000000000000052       0x34 /usr/bin/../lib/gcc/arm-none-eabi/10.3.1/../../../../arm-none-eabi/lib/thumb/v7e-m+fp/hard/libc_nano.a(lib_a-init.o)
 .ARM.attributes
                0x0000000000000086       0x34 /usr/bin/../lib/gcc/arm-none-eabi/10.3.1/../../../../arm-none-eabi/lib/thumb/v7e-m+fp/hard/libc_nano.a(lib_a-memset.o)
 .ARM.attributes
                0x00000000000000ba       0x34 CMakeFiles/ProjectMX.dir/Core/Src/main.c.obj
 .ARM.attributes
                0x00000000000000ee       0x34 CMakeFiles/ProjectMX.dir/Core/Src/stm32f4xx_hal_msp.c.obj
 .ARM.attributes
                0x0000000000000122       0x34 CMakeFiles/ProjectMX.dir/Core/Src/stm32f4xx_it.c.obj
 .ARM.attributes
                0x0000000000000156       0x34 CMakeFiles/ProjectMX.dir/Core/Src/system_stm32f4xx.c.obj
 .ARM.attributes
                0x000000000000018a       0x34 CMakeFiles/ProjectMX.dir/Drivers/STM32F4xx_HAL_Driver/Src/stm32f4xx_hal.c.obj
 .ARM.attributes
                0x00000000000001be       0x34 CMakeFiles/ProjectMX.dir/Drivers/STM32F4xx_HAL_Driver/Src/stm32f4xx_hal_cortex.c.obj
 .ARM.attributes
                0x00000000000001f2       0x34 CMakeFiles/ProjectMX.dir/Drivers/STM32F4xx_HAL_Driver/Src/stm32f4xx_hal_gpio.c.obj
 .ARM.attributes
                0x0000000000000226       0x34 CMakeFiles/ProjectMX.dir/Drivers/STM32F4xx_HAL_Driver/Src/stm32f4xx_hal_rcc.c.obj
 .ARM.attributes
                0x000000000000025a       0x34 CMakeFiles/ProjectMX.dir/Drivers/STM32F4xx_HAL_Driver/Src/stm32f4xx_hal_rcc_ex.c.obj
 .ARM.attributes
                0x000000000000028e       0x34 CMakeFiles/ProjectMX.dir/Drivers/STM32F4xx_HAL_Driver/Src/stm32f4xx_hal_uart.c.obj
 .ARM.attributes
                0x00000000000002c2       0x21 CMakeFiles/ProjectMX.dir/startup_stm32f410rx.s.obj
 .ARM.attributes
                0x00000000000002e3       0x1e /usr/bin/../lib/gcc/arm-none-eabi/10.3.1/thumb/v7e-m+fp/hard/libgcc.a(_aeabi_uldivmod.o)
 .ARM.attributes
                0x0000000000000301       0x34 /usr/bin/../lib/gcc/arm-none-eabi/10.3.1/thumb/v7e-m+fp/hard/libgcc.a(_udivmoddi4.o)
 .ARM.attributes
                0x0000000000000335       0x1e /usr/bin/../lib/gcc/arm-none-eabi/10.3.1/thumb/v7e-m+fp/hard/libgcc.a(_dvmd_tls.o)
 .ARM.attributes
                0x0000000000000353       0x1e /usr/bin/../lib/gcc/arm-none-eabi/10.3.1/thumb/v7e-m+fp/hard/crtn.o
OUTPUT(ProjectMX.elf elf32-littlearm)
LOAD linker stubs
LOAD /usr/bin/../lib/gcc/arm-none-eabi/10.3.1/../../../../arm-none-eabi/lib/thumb/v7e-m+fp/hard/libc.a
LOAD /usr/bin/../lib/gcc/arm-none-eabi/10.3.1/../../../../arm-none-eabi/lib/thumb/v7e-m+fp/hard/libm.a
LOAD /usr/bin/../lib/gcc/arm-none-eabi/10.3.1/thumb/v7e-m+fp/hard/libgcc.a

.debug_frame    0x0000000000000000      0xeb4
 .debug_frame   0x0000000000000000       0x2c /usr/bin/../lib/gcc/arm-none-eabi/10.3.1/../../../../arm-none-eabi/lib/thumb/v7e-m+fp/hard/libc_nano.a(lib_a-init.o)
 .debug_frame   0x000000000000002c       0x20 /usr/bin/../lib/gcc/arm-none-eabi/10.3.1/../../../../arm-none-eabi/lib/thumb/v7e-m+fp/hard/libc_nano.a(lib_a-memset.o)
 .debug_frame   0x000000000000004c       0xc0 CMakeFiles/ProjectMX.dir/Core/Src/main.c.obj
 .debug_frame   0x000000000000010c       0x64 CMakeFiles/ProjectMX.dir/Core/Src/stm32f4xx_hal_msp.c.obj
 .debug_frame   0x0000000000000170       0xa8 CMakeFiles/ProjectMX.dir/Core/Src/stm32f4xx_it.c.obj
 .debug_frame   0x0000000000000218       0x30 CMakeFiles/ProjectMX.dir/Core/Src/system_stm32f4xx.c.obj
 .debug_frame   0x0000000000000248      0x1ec CMakeFiles/ProjectMX.dir/Drivers/STM32F4xx_HAL_Driver/Src/stm32f4xx_hal.c.obj
 .debug_frame   0x0000000000000434      0x148 CMakeFiles/ProjectMX.dir/Drivers/STM32F4xx_HAL_Driver/Src/stm32f4xx_hal_cortex.c.obj
 .debug_frame   0x000000000000057c       0xd8 CMakeFiles/ProjectMX.dir/Drivers/STM32F4xx_HAL_Driver/Src/stm32f4xx_hal_gpio.c.obj
 .debug_frame   0x0000000000000654      0x16c CMakeFiles/ProjectMX.dir/Drivers/STM32F4xx_HAL_Driver/Src/stm32f4xx_hal_rcc.c.obj
 .debug_frame   0x00000000000007c0       0xc8 CMakeFiles/ProjectMX.dir/Drivers/STM32F4xx_HAL_Driver/Src/stm32f4xx_hal_rcc_ex.c.obj
 .debug_frame   0x0000000000000888      0x5cc CMakeFiles/ProjectMX.dir/Drivers/STM32F4xx_HAL_Driver/Src/stm32f4xx_hal_uart.c.obj
 .debug_frame   0x0000000000000e54       0x2c /usr/bin/../lib/gcc/arm-none-eabi/10.3.1/thumb/v7e-m+fp/hard/libgcc.a(_aeabi_uldivmod.o)
 .debug_frame   0x0000000000000e80       0x34 /usr/bin/../lib/gcc/arm-none-eabi/10.3.1/thumb/v7e-m+fp/hard/libgcc.a(_udivmoddi4.o)

.debug_info     0x0000000000000000     0x944d
 .debug_info    0x0000000000000000      0xd56 CMakeFiles/ProjectMX.dir/Core/Src/main.c.obj
 .debug_info    0x0000000000000d56      0xa6f CMakeFiles/ProjectMX.dir/Core/Src/stm32f4xx_hal_msp.c.obj
 .debug_info    0x00000000000017c5      0x12f CMakeFiles/ProjectMX.dir/Core/Src/stm32f4xx_it.c.obj
 .debug_info    0x00000000000018f4      0x51e CMakeFiles/ProjectMX.dir/Core/Src/system_stm32f4xx.c.obj
 .debug_info    0x0000000000001e12      0x922 CMakeFiles/ProjectMX.dir/Drivers/STM32F4xx_HAL_Driver/Src/stm32f4xx_hal.c.obj
 .debug_info    0x0000000000002734      0xfea CMakeFiles/ProjectMX.dir/Drivers/STM32F4xx_HAL_Driver/Src/stm32f4xx_hal_cortex.c.obj
 .debug_info    0x000000000000371e      0x7b0 CMakeFiles/ProjectMX.dir/Drivers/STM32F4xx_HAL_Driver/Src/stm32f4xx_hal_gpio.c.obj
 .debug_info    0x0000000000003ece      0xaf6 CMakeFiles/ProjectMX.dir/Drivers/STM32F4xx_HAL_Driver/Src/stm32f4xx_hal_rcc.c.obj
 .debug_info    0x00000000000049c4      0x821 CMakeFiles/ProjectMX.dir/Drivers/STM32F4xx_HAL_Driver/Src/stm32f4xx_hal_rcc_ex.c.obj
 .debug_info    0x00000000000051e5     0x4246 CMakeFiles/ProjectMX.dir/Drivers/STM32F4xx_HAL_Driver/Src/stm32f4xx_hal_uart.c.obj
 .debug_info    0x000000000000942b       0x22 CMakeFiles/ProjectMX.dir/startup_stm32f410rx.s.obj

.debug_abbrev   0x0000000000000000     0x14a6
 .debug_abbrev  0x0000000000000000      0x26e CMakeFiles/ProjectMX.dir/Core/Src/main.c.obj
 .debug_abbrev  0x000000000000026e      0x1ad CMakeFiles/ProjectMX.dir/Core/Src/stm32f4xx_hal_msp.c.obj
 .debug_abbrev  0x000000000000041b       0x7e CMakeFiles/ProjectMX.dir/Core/Src/stm32f4xx_it.c.obj
 .debug_abbrev  0x0000000000000499      0x119 CMakeFiles/ProjectMX.dir/Core/Src/system_stm32f4xx.c.obj
 .debug_abbrev  0x00000000000005b2      0x237 CMakeFiles/ProjectMX.dir/Drivers/STM32F4xx_HAL_Driver/Src/stm32f4xx_hal.c.obj
 .debug_abbrev  0x00000000000007e9      0x36a CMakeFiles/ProjectMX.dir/Drivers/STM32F4xx_HAL_Driver/Src/stm32f4xx_hal_cortex.c.obj
 .debug_abbrev  0x0000000000000b53      0x1ef CMakeFiles/ProjectMX.dir/Drivers/STM32F4xx_HAL_Driver/Src/stm32f4xx_hal_gpio.c.obj
 .debug_abbrev  0x0000000000000d42      0x28a CMakeFiles/ProjectMX.dir/Drivers/STM32F4xx_HAL_Driver/Src/stm32f4xx_hal_rcc.c.obj
 .debug_abbrev  0x0000000000000fcc      0x1ba CMakeFiles/ProjectMX.dir/Drivers/STM32F4xx_HAL_Driver/Src/stm32f4xx_hal_rcc_ex.c.obj
 .debug_abbrev  0x0000000000001186      0x30e CMakeFiles/ProjectMX.dir/Drivers/STM32F4xx_HAL_Driver/Src/stm32f4xx_hal_uart.c.obj
 .debug_abbrev  0x0000000000001494       0x12 CMakeFiles/ProjectMX.dir/startup_stm32f410rx.s.obj

.debug_aranges  0x0000000000000000      0x5f8
 .debug_aranges
                0x0000000000000000       0x50 CMakeFiles/ProjectMX.dir/Core/Src/main.c.obj
 .debug_aranges
                0x0000000000000050       0x30 CMakeFiles/ProjectMX.dir/Core/Src/stm32f4xx_hal_msp.c.obj
 .debug_aranges
                0x0000000000000080       0x60 CMakeFiles/ProjectMX.dir/Core/Src/stm32f4xx_it.c.obj
 .debug_aranges
                0x00000000000000e0       0x28 CMakeFiles/ProjectMX.dir/Core/Src/system_stm32f4xx.c.obj
 .debug_aranges
                0x0000000000000108       0xf0 CMakeFiles/ProjectMX.dir/Drivers/STM32F4xx_HAL_Driver/Src/stm32f4xx_hal.c.obj
 .debug_aranges
                0x00000000000001f8       0xa8 CMakeFiles/ProjectMX.dir/Drivers/STM32F4xx_HAL_Driver/Src/stm32f4xx_hal_cortex.c.obj
 .debug_aranges
                0x00000000000002a0       0x58 CMakeFiles/ProjectMX.dir/Drivers/STM32F4xx_HAL_Driver/Src/stm32f4xx_hal_gpio.c.obj
 .debug_aranges
                0x00000000000002f8       0x88 CMakeFiles/ProjectMX.dir/Drivers/STM32F4xx_HAL_Driver/Src/stm32f4xx_hal_rcc.c.obj
 .debug_aranges
                0x0000000000000380       0x50 CMakeFiles/ProjectMX.dir/Drivers/STM32F4xx_HAL_Driver/Src/stm32f4xx_hal_rcc_ex.c.obj
 .debug_aranges
                0x00000000000003d0      0x200 CMakeFiles/ProjectMX.dir/Drivers/STM32F4xx_HAL_Driver/Src/stm32f4xx_hal_uart.c.obj
 .debug_aranges
                0x00000000000005d0       0x28 CMakeFiles/ProjectMX.dir/startup_stm32f410rx.s.obj

.debug_ranges   0x0000000000000000      0x5f8
 .debug_ranges  0x0000000000000000       0x40 CMakeFiles/ProjectMX.dir/Core/Src/main.c.obj
 .debug_ranges  0x0000000000000040       0x20 CMakeFiles/ProjectMX.dir/Core/Src/stm32f4xx_hal_msp.c.obj
 .debug_ranges  0x0000000000000060       0x50 CMakeFiles/ProjectMX.dir/Core/Src/stm32f4xx_it.c.obj
 .debug_ranges  0x00000000000000b0       0x18 CMakeFiles/ProjectMX.dir/Core/Src/system_stm32f4xx.c.obj
 .debug_ranges  0x00000000000000c8       0xe0 CMakeFiles/ProjectMX.dir/Drivers/STM32F4xx_HAL_Driver/Src/stm32f4xx_hal.c.obj
 .debug_ranges  0x00000000000001a8       0xf8 CMakeFiles/ProjectMX.dir/Drivers/STM32F4xx_HAL_Driver/Src/stm32f4xx_hal_cortex.c.obj
 .debug_ranges  0x00000000000002a0       0x48 CMakeFiles/ProjectMX.dir/Drivers/STM32F4xx_HAL_Driver/Src/stm32f4xx_hal_gpio.c.obj
 .debug_ranges  0x00000000000002e8       0x90 CMakeFiles/ProjectMX.dir/Drivers/STM32F4xx_HAL_Driver/Src/stm32f4xx_hal_rcc.c.obj
 .debug_ranges  0x0000000000000378       0x58 CMakeFiles/ProjectMX.dir/Drivers/STM32F4xx_HAL_Driver/Src/stm32f4xx_hal_rcc_ex.c.obj
 .debug_ranges  0x00000000000003d0      0x208 CMakeFiles/ProjectMX.dir/Drivers/STM32F4xx_HAL_Driver/Src/stm32f4xx_hal_uart.c.obj
 .debug_ranges  0x00000000000005d8       0x20 CMakeFiles/ProjectMX.dir/startup_stm32f410rx.s.obj

.debug_line     0x0000000000000000     0x7a58
 .debug_line    0x0000000000000000      0x4d0 CMakeFiles/ProjectMX.dir/Core/Src/main.c.obj
 .debug_line    0x00000000000004d0      0x2f6 CMakeFiles/ProjectMX.dir/Core/Src/stm32f4xx_hal_msp.c.obj
 .debug_line    0x00000000000007c6      0x195 CMakeFiles/ProjectMX.dir/Core/Src/stm32f4xx_it.c.obj
 .debug_line    0x000000000000095b      0x221 CMakeFiles/ProjectMX.dir/Core/Src/system_stm32f4xx.c.obj
 .debug_line    0x0000000000000b7c      0x54f CMakeFiles/ProjectMX.dir/Drivers/STM32F4xx_HAL_Driver/Src/stm32f4xx_hal.c.obj
 .debug_line    0x00000000000010cb      0x758 CMakeFiles/ProjectMX.dir/Drivers/STM32F4xx_HAL_Driver/Src/stm32f4xx_hal_cortex.c.obj
 .debug_line    0x0000000000001823      0x67f CMakeFiles/ProjectMX.dir/Drivers/STM32F4xx_HAL_Driver/Src/stm32f4xx_hal_gpio.c.obj
 .debug_line    0x0000000000001ea2      0xaee CMakeFiles/ProjectMX.dir/Drivers/STM32F4xx_HAL_Driver/Src/stm32f4xx_hal_rcc.c.obj
 .debug_line    0x0000000000002990      0xa75 CMakeFiles/ProjectMX.dir/Drivers/STM32F4xx_HAL_Driver/Src/stm32f4xx_hal_rcc_ex.c.obj
 .debug_line    0x0000000000003405     0x45ce CMakeFiles/ProjectMX.dir/Drivers/STM32F4xx_HAL_Driver/Src/stm32f4xx_hal_uart.c.obj
 .debug_line    0x00000000000079d3       0x85 CMakeFiles/ProjectMX.dir/startup_stm32f410rx.s.obj

.debug_str      0x0000000000000000     0x2134
 .debug_str     0x0000000000000000      0x8e9 CMakeFiles/ProjectMX.dir/Core/Src/main.c.obj
                                        0x981 (size before relaxing)
 .debug_str     0x00000000000008e9       0x8f CMakeFiles/ProjectMX.dir/Core/Src/stm32f4xx_hal_msp.c.obj
                                        0x797 (size before relaxing)
 .debug_str     0x0000000000000978       0xc3 CMakeFiles/ProjectMX.dir/Core/Src/stm32f4xx_it.c.obj
                                        0x214 (size before relaxing)
 .debug_str     0x0000000000000a3b       0xe7 CMakeFiles/ProjectMX.dir/Core/Src/system_stm32f4xx.c.obj
                                        0x33d (size before relaxing)
 .debug_str     0x0000000000000b22      0x6ab CMakeFiles/ProjectMX.dir/Drivers/STM32F4xx_HAL_Driver/Src/stm32f4xx_hal.c.obj
                                        0x994 (size before relaxing)
 .debug_str     0x00000000000011cd      0x46a CMakeFiles/ProjectMX.dir/Drivers/STM32F4xx_HAL_Driver/Src/stm32f4xx_hal_cortex.c.obj
                                        0xa83 (size before relaxing)
 .debug_str     0x0000000000001637      0x134 CMakeFiles/ProjectMX.dir/Drivers/STM32F4xx_HAL_Driver/Src/stm32f4xx_hal_gpio.c.obj
                                        0x4ae (size before relaxing)
 .debug_str     0x000000000000176b      0x1b0 CMakeFiles/ProjectMX.dir/Drivers/STM32F4xx_HAL_Driver/Src/stm32f4xx_hal_rcc.c.obj
                                        0x6d3 (size before relaxing)
 .debug_str     0x000000000000191b      0x18b CMakeFiles/ProjectMX.dir/Drivers/STM32F4xx_HAL_Driver/Src/stm32f4xx_hal_rcc_ex.c.obj
                                        0x589 (size before relaxing)
 .debug_str     0x0000000000001aa6      0x65b CMakeFiles/ProjectMX.dir/Drivers/STM32F4xx_HAL_Driver/Src/stm32f4xx_hal_uart.c.obj
                                        0xd3e (size before relaxing)
 .debug_str     0x0000000000002101       0x33 CMakeFiles/ProjectMX.dir/startup_stm32f410rx.s.obj
                                         0x48 (size before relaxing)

.comment        0x0000000000000000       0x49
 .comment       0x0000000000000000       0x49 CMakeFiles/ProjectMX.dir/Core/Src/main.c.obj
                                         0x4a (size before relaxing)
 .comment       0x0000000000000049       0x4a CMakeFiles/ProjectMX.dir/Core/Src/stm32f4xx_hal_msp.c.obj
 .comment       0x0000000000000049       0x4a CMakeFiles/ProjectMX.dir/Core/Src/stm32f4xx_it.c.obj
 .comment       0x0000000000000049       0x4a CMakeFiles/ProjectMX.dir/Core/Src/system_stm32f4xx.c.obj
 .comment       0x0000000000000049       0x4a CMakeFiles/ProjectMX.dir/Drivers/STM32F4xx_HAL_Driver/Src/stm32f4xx_hal.c.obj
 .comment       0x0000000000000049       0x4a CMakeFiles/ProjectMX.dir/Drivers/STM32F4xx_HAL_Driver/Src/stm32f4xx_hal_cortex.c.obj
 .comment       0x0000000000000049       0x4a CMakeFiles/ProjectMX.dir/Drivers/STM32F4xx_HAL_Driver/Src/stm32f4xx_hal_gpio.c.obj
 .comment       0x0000000000000049       0x4a CMakeFiles/ProjectMX.dir/Drivers/STM32F4xx_HAL_Driver/Src/stm32f4xx_hal_rcc.c.obj
 .comment       0x0000000000000049       0x4a CMakeFiles/ProjectMX.dir/Drivers/STM32F4xx_HAL_Driver/Src/stm32f4xx_hal_rcc_ex.c.obj
 .comment       0x0000000000000049       0x4a CMakeFiles/ProjectMX.dir/Drivers/STM32F4xx_HAL_Driver/Src/stm32f4xx_hal_uart.c.obj

.debug_loc      0x0000000000000000     0x650e
 .debug_loc     0x0000000000000000       0xf8 CMakeFiles/ProjectMX.dir/Core/Src/stm32f4xx_hal_msp.c.obj
 .debug_loc     0x00000000000000f8      0x158 CMakeFiles/ProjectMX.dir/Core/Src/system_stm32f4xx.c.obj
 .debug_loc     0x0000000000000250      0x141 CMakeFiles/ProjectMX.dir/Drivers/STM32F4xx_HAL_Driver/Src/stm32f4xx_hal.c.obj
 .debug_loc     0x0000000000000391      0x744 CMakeFiles/ProjectMX.dir/Drivers/STM32F4xx_HAL_Driver/Src/stm32f4xx_hal_cortex.c.obj
 .debug_loc     0x0000000000000ad5      0x50f CMakeFiles/ProjectMX.dir/Drivers/STM32F4xx_HAL_Driver/Src/stm32f4xx_hal_gpio.c.obj
 .debug_loc     0x0000000000000fe4      0x58c CMakeFiles/ProjectMX.dir/Drivers/STM32F4xx_HAL_Driver/Src/stm32f4xx_hal_rcc.c.obj
 .debug_loc     0x0000000000001570      0x5f3 CMakeFiles/ProjectMX.dir/Drivers/STM32F4xx_HAL_Driver/Src/stm32f4xx_hal_rcc_ex.c.obj
 .debug_loc     0x0000000000001b63     0x49ab CMakeFiles/ProjectMX.dir/Drivers/STM32F4xx_HAL_Driver/Src/stm32f4xx_hal_uart.c.obj
