Archive member included to satisfy reference by file (symbol)

/usr/bin/../lib/gcc/arm-none-eabi/10.3.1/../../../../arm-none-eabi/lib/thumb/v7e-m+fp/hard/libc_nano.a(lib_a-exit.o)
                              /usr/bin/../lib/gcc/arm-none-eabi/10.3.1/../../../../arm-none-eabi/lib/thumb/v7e-m+fp/hard/crt0.o (exit)
/usr/bin/../lib/gcc/arm-none-eabi/10.3.1/../../../../arm-none-eabi/lib/thumb/v7e-m+fp/hard/libc_nano.a(lib_a-impure.o)
                              /usr/bin/../lib/gcc/arm-none-eabi/10.3.1/../../../../arm-none-eabi/lib/thumb/v7e-m+fp/hard/libc_nano.a(lib_a-exit.o) (_global_impure_ptr)
/usr/bin/../lib/gcc/arm-none-eabi/10.3.1/../../../../arm-none-eabi/lib/thumb/v7e-m+fp/hard/libc_nano.a(lib_a-init.o)
                              /usr/bin/../lib/gcc/arm-none-eabi/10.3.1/../../../../arm-none-eabi/lib/thumb/v7e-m+fp/hard/crt0.o (__libc_init_array)
/usr/bin/../lib/gcc/arm-none-eabi/10.3.1/../../../../arm-none-eabi/lib/thumb/v7e-m+fp/hard/libc_nano.a(lib_a-memset.o)
                              /usr/bin/../lib/gcc/arm-none-eabi/10.3.1/../../../../arm-none-eabi/lib/thumb/v7e-m+fp/hard/crt0.o (memset)
/usr/bin/../lib/gcc/arm-none-eabi/10.3.1/../../../../arm-none-eabi/lib/thumb/v7e-m+fp/hard/libnosys.a(_exit.o)
                              /usr/bin/../lib/gcc/arm-none-eabi/10.3.1/../../../../arm-none-eabi/lib/thumb/v7e-m+fp/hard/libc_nano.a(lib_a-exit.o) (_exit)
/usr/bin/../lib/gcc/arm-none-eabi/10.3.1/thumb/v7e-m+fp/hard/libgcc.a(_aeabi_uldivmod.o)
                              build/stm32f4xx_hal_uart.o (__aeabi_uldivmod)
/usr/bin/../lib/gcc/arm-none-eabi/10.3.1/thumb/v7e-m+fp/hard/libgcc.a(_udivmoddi4.o)
                              /usr/bin/../lib/gcc/arm-none-eabi/10.3.1/thumb/v7e-m+fp/hard/libgcc.a(_aeabi_uldivmod.o) (__udivmoddi4)
/usr/bin/../lib/gcc/arm-none-eabi/10.3.1/thumb/v7e-m+fp/hard/libgcc.a(_dvmd_tls.o)
                              /usr/bin/../lib/gcc/arm-none-eabi/10.3.1/thumb/v7e-m+fp/hard/libgcc.a(_aeabi_uldivmod.o) (__aeabi_ldiv0)

Discarded input sections

 .text          0x0000000000000000        0x0 /usr/bin/../lib/gcc/arm-none-eabi/10.3.1/thumb/v7e-m+fp/hard/crti.o
 .data          0x0000000000000000        0x0 /usr/bin/../lib/gcc/arm-none-eabi/10.3.1/thumb/v7e-m+fp/hard/crti.o
 .bss           0x0000000000000000        0x0 /usr/bin/../lib/gcc/arm-none-eabi/10.3.1/thumb/v7e-m+fp/hard/crti.o
 .data          0x0000000000000000        0x4 /usr/bin/../lib/gcc/arm-none-eabi/10.3.1/thumb/v7e-m+fp/hard/crtbegin.o
 .rodata        0x0000000000000000       0x24 /usr/bin/../lib/gcc/arm-none-eabi/10.3.1/thumb/v7e-m+fp/hard/crtbegin.o
 .text          0x0000000000000000       0x7c /usr/bin/../lib/gcc/arm-none-eabi/10.3.1/../../../../arm-none-eabi/lib/thumb/v7e-m+fp/hard/crt0.o
 .data          0x0000000000000000        0x0 /usr/bin/../lib/gcc/arm-none-eabi/10.3.1/../../../../arm-none-eabi/lib/thumb/v7e-m+fp/hard/crt0.o
 .bss           0x0000000000000000        0x0 /usr/bin/../lib/gcc/arm-none-eabi/10.3.1/../../../../arm-none-eabi/lib/thumb/v7e-m+fp/hard/crt0.o
 .ARM.extab     0x0000000000000000        0x0 /usr/bin/../lib/gcc/arm-none-eabi/10.3.1/../../../../arm-none-eabi/lib/thumb/v7e-m+fp/hard/crt0.o
 .ARM.exidx     0x0000000000000000       0x10 /usr/bin/../lib/gcc/arm-none-eabi/10.3.1/../../../../arm-none-eabi/lib/thumb/v7e-m+fp/hard/crt0.o
 .ARM.attributes
                0x0000000000000000       0x1c /usr/bin/../lib/gcc/arm-none-eabi/10.3.1/../../../../arm-none-eabi/lib/thumb/v7e-m+fp/hard/crt0.o
 .text          0x0000000000000000        0x0 build/main.o
 .data          0x0000000000000000        0x0 build/main.o
 .bss           0x0000000000000000        0x0 build/main.o
 .text          0x0000000000000000        0x0 build/stm32f4xx_it.o
 .data          0x0000000000000000        0x0 build/stm32f4xx_it.o
 .bss           0x0000000000000000        0x0 build/stm32f4xx_it.o
 .text          0x0000000000000000        0x0 build/stm32f4xx_hal_msp.o
 .data          0x0000000000000000        0x0 build/stm32f4xx_hal_msp.o
 .bss           0x0000000000000000        0x0 build/stm32f4xx_hal_msp.o
 .text.HAL_UART_MspDeInit
                0x0000000000000000       0x70 build/stm32f4xx_hal_msp.o
 .text          0x0000000000000000        0x0 build/stm32f4xx_hal_tim.o
 .data          0x0000000000000000        0x0 build/stm32f4xx_hal_tim.o
 .bss           0x0000000000000000        0x0 build/stm32f4xx_hal_tim.o
 .debug_info    0x0000000000000000       0x6b build/stm32f4xx_hal_tim.o
 .debug_abbrev  0x0000000000000000       0x26 build/stm32f4xx_hal_tim.o
 .debug_aranges
                0x0000000000000000       0x18 build/stm32f4xx_hal_tim.o
 .debug_line    0x0000000000000000       0x1d build/stm32f4xx_hal_tim.o
 .debug_str     0x0000000000000000      0x179 build/stm32f4xx_hal_tim.o
 .comment       0x0000000000000000       0x4a build/stm32f4xx_hal_tim.o
 .ARM.attributes
                0x0000000000000000       0x34 build/stm32f4xx_hal_tim.o
 .text          0x0000000000000000        0x0 build/stm32f4xx_hal_tim_ex.o
[...]
Memory Configuration

Name             Origin             Length             Attributes
RAM              0x0000000020000000 0x0000000000008000 xrw
FLASH            0x0000000008000000 0x0000000000020000 xr
*default*        0x0000000000000000 0xffffffffffffffff

Linker script and memory map

LOAD /usr/bin/../lib/gcc/arm-none-eabi/10.3.1/thumb/v7e-m+fp/hard/crti.o
LOAD /usr/bin/../lib/gcc/arm-none-eabi/10.3.1/thumb/v7e-m+fp/hard/crtbegin.o
LOAD /usr/bin/../lib/gcc/arm-none-eabi/10.3.1/../../../../arm-none-eabi/lib/thumb/v7e-m+fp/hard/crt0.o
LOAD build/main.o
LOAD build/stm32f4xx_it.o
LOAD build/stm32f4xx_hal_msp.o
LOAD build/stm32f4xx_hal_tim.o
LOAD build/stm32f4xx_hal_tim_ex.o
LOAD build/stm32f4xx_hal_uart.o
LOAD build/stm32f4xx_hal_rcc.o
LOAD build/stm32f4xx_hal_rcc_ex.o
LOAD build/stm32f4xx_hal_flash.o
LOAD build/stm32f4xx_hal_flash_ex.o
LOAD build/stm32f4xx_hal_flash_ramfunc.o
LOAD build/stm32f4xx_hal_gpio.o
LOAD build/stm32f4xx_hal_dma_ex.o
LOAD build/stm32f4xx_hal_dma.o
LOAD build/stm32f4xx_hal_pwr.o
LOAD build/stm32f4xx_hal_pwr_ex.o
LOAD build/stm32f4xx_hal_cortex.o
LOAD build/stm32f4xx_hal.o
LOAD build/stm32f4xx_hal_exti.o
LOAD build/system_stm32f4xx.o
LOAD build/startup_stm32f410rx.o
LOAD /usr/bin/../lib/gcc/arm-none-eabi/10.3.1/../../../../arm-none-eabi/lib/thumb/v7e-m+fp/hard/libc_nano.a
LOAD /usr/bin/../lib/gcc/arm-none-eabi/10.3.1/../../../../arm-none-eabi/lib/thumb/v7e-m+fp/hard/libm.a
LOAD /usr/bin/../lib/gcc/arm-none-eabi/10.3.1/../../../../arm-none-eabi/lib/thumb/v7e-m+fp/hard/libnosys.a
START GROUP
LOAD /usr/bin/../lib/gcc/arm-none-eabi/10.3.1/thumb/v7e-m+fp/hard/libgcc.a
LOAD /usr/bin/../lib/gcc/arm-none-eabi/10.3.1/../../../../arm-none-eabi/lib/thumb/v7e-m+fp/hard/libc_nano.a
END GROUP
START GROUP
LOAD /usr/bin/../lib/gcc/arm-none-eabi/10.3.1/thumb/v7e-m+fp/hard/libgcc.a
LOAD /usr/bin/../lib/gcc/arm-none-eabi/10.3.1/../../../../arm-none-eabi/lib/thumb/v7e-m+fp/hard/libc_nano.a
END GROUP
LOAD /usr/bin/../lib/gcc/arm-none-eabi/10.3.1/thumb/v7e-m+fp/hard/crtend.o
LOAD /usr/bin/../lib/gcc/arm-none-eabi/10.3.1/thumb/v7e-m+fp/hard/crtn.o
                0x0000000020008000                _estack = (ORIGIN (RAM) + LENGTH (RAM))
                0x0000000000000200                _Min_Heap_Size = 0x200
                0x0000000000000400                _Min_Stack_Size = 0x400

.isr_vector     0x0000000008000000      0x1c8
                0x0000000008000000                . = ALIGN (0x4)
 *(.isr_vector)
 .isr_vector    0x0000000008000000      0x1c8 build/startup_stm32f410rx.o
                0x0000000008000000                g_pfnVectors
                0x00000000080001c8                . = ALIGN (0x4)

.text           0x00000000080001c8     0x12a4
                0x00000000080001c8                . = ALIGN (0x4)
 *(.text)
 .text          0x00000000080001c8       0x40 /usr/bin/../lib/gcc/arm-none-eabi/10.3.1/thumb/v7e-m+fp/hard/crtbegin.o
 .text          0x0000000008000208       0x30 /usr/bin/../lib/gcc/arm-none-eabi/10.3.1/thumb/v7e-m+fp/hard/libgcc.a(_aeabi_uldivmod.o)
                0x0000000008000208                __aeabi_uldivmod
 .text          0x0000000008000238      0x2d0 /usr/bin/../lib/gcc/arm-none-eabi/10.3.1/thumb/v7e-m+fp/hard/libgcc.a(_udivmoddi4.o)
                0x0000000008000238                __udivmoddi4
 .text          0x0000000008000508        0x4 /usr/bin/../lib/gcc/arm-none-eabi/10.3.1/thumb/v7e-m+fp/hard/libgcc.a(_dvmd_tls.o)
                0x0000000008000508                __aeabi_ldiv0
                0x0000000008000508                __aeabi_idiv0
 *(.text*)
 .text.MX_GPIO_Init
                0x000000000800050c       0xa8 build/main.o
 .text.Error_Handler
                0x00000000080005b4        0x4 build/main.o
                0x00000000080005b4                Error_Handler
 .text.MX_USART1_UART_Init
                0x00000000080005b8       0x34 build/main.o
 .text.MX_USART2_UART_Init
                0x00000000080005ec       0x34 build/main.o
 .text.MX_USART6_UART_Init
                0x0000000008000620       0x34 build/main.o
 .text.SystemClock_Config
                0x0000000008000654       0xa0 build/main.o
                0x0000000008000654                SystemClock_Config
 .text.main     0x00000000080006f4       0x1c build/main.o
                0x00000000080006f4                main
 .text.NMI_Handler
                0x0000000008000710        0x2 build/stm32f4xx_it.o
                0x0000000008000710                NMI_Handler
 .text.HardFault_Handler
                0x0000000008000712        0x2 build/stm32f4xx_it.o
                0x0000000008000712                HardFault_Handler
 .text.MemManage_Handler
                0x0000000008000714        0x2 build/stm32f4xx_it.o
                0x0000000008000714                MemManage_Handler
 .text.BusFault_Handler
                0x0000000008000716        0x2 build/stm32f4xx_it.o
                0x0000000008000716                BusFault_Handler
 .text.UsageFault_Handler
                0x0000000008000718        0x2 build/stm32f4xx_it.o
                0x0000000008000718                UsageFault_Handler
 .text.SVC_Handler
                0x000000000800071a        0x2 build/stm32f4xx_it.o
                0x000000000800071a                SVC_Handler
 .text.DebugMon_Handler
                0x000000000800071c        0x2 build/stm32f4xx_it.o
                0x000000000800071c                DebugMon_Handler
 .text.PendSV_Handler
                0x000000000800071e        0x2 build/stm32f4xx_it.o
                0x000000000800071e                PendSV_Handler
 .text.SysTick_Handler
                0x0000000008000720        0x8 build/stm32f4xx_it.o
                0x0000000008000720                SysTick_Handler
 .text.HAL_MspInit
                0x0000000008000728       0x40 build/stm32f4xx_hal_msp.o
                0x0000000008000728                HAL_MspInit
 .text.HAL_UART_MspInit
                0x0000000008000768      0x118 build/stm32f4xx_hal_msp.o
                0x0000000008000768                HAL_UART_MspInit
 .text.UART_SetConfig
                0x0000000008000880      0x110 build/stm32f4xx_hal_uart.o
 .text.HAL_UART_Init
                0x0000000008000990       0x5e build/stm32f4xx_hal_uart.o
                0x0000000008000990                HAL_UART_Init
 *fill*         0x00000000080009ee        0x2 
 .text.HAL_RCC_GetSysClockFreq
                0x00000000080009f0       0xd4 build/stm32f4xx_hal_rcc.o
                0x00000000080009f0                HAL_RCC_GetSysClockFreq
 .text.HAL_RCC_ClockConfig
                0x0000000008000ac4      0x160 build/stm32f4xx_hal_rcc.o
                0x0000000008000ac4                HAL_RCC_ClockConfig
 .text.HAL_RCC_GetHCLKFreq
                0x0000000008000c24        0xc build/stm32f4xx_hal_rcc.o
                0x0000000008000c24                HAL_RCC_GetHCLKFreq
 .text.HAL_RCC_GetPCLK1Freq
                0x0000000008000c30       0x20 build/stm32f4xx_hal_rcc.o
                0x0000000008000c30                HAL_RCC_GetPCLK1Freq
 .text.HAL_RCC_GetPCLK2Freq
                0x0000000008000c50       0x20 build/stm32f4xx_hal_rcc.o
                0x0000000008000c50                HAL_RCC_GetPCLK2Freq
 .text.HAL_RCC_OscConfig
                0x0000000008000c70      0x410 build/stm32f4xx_hal_rcc_ex.o
                0x0000000008000c70                HAL_RCC_OscConfig
 .text.HAL_GPIO_Init
                0x0000000008001080      0x1a8 build/stm32f4xx_hal_gpio.o
                0x0000000008001080                HAL_GPIO_Init
 .text.HAL_GPIO_WritePin
                0x0000000008001228        0xc build/stm32f4xx_hal_gpio.o
                0x0000000008001228                HAL_GPIO_WritePin
 .text.HAL_NVIC_SetPriorityGrouping
                0x0000000008001234       0x24 build/stm32f4xx_hal_cortex.o
                0x0000000008001234                HAL_NVIC_SetPriorityGrouping
 .text.HAL_NVIC_SetPriority
                0x0000000008001258       0x70 build/stm32f4xx_hal_cortex.o
                0x0000000008001258                HAL_NVIC_SetPriority
 .text.HAL_SYSTICK_Config
                0x00000000080012c8       0x28 build/stm32f4xx_hal_cortex.o
                0x00000000080012c8                HAL_SYSTICK_Config
 .text.HAL_InitTick
                0x00000000080012f0       0x4c build/stm32f4xx_hal.o
                0x00000000080012f0                HAL_InitTick
 .text.HAL_Init
                0x000000000800133c       0x34 build/stm32f4xx_hal.o
                0x000000000800133c                HAL_Init
 .text.HAL_IncTick
                0x0000000008001370       0x18 build/stm32f4xx_hal.o
                0x0000000008001370                HAL_IncTick
 .text.HAL_GetTick
                0x0000000008001388        0xc build/stm32f4xx_hal.o
                0x0000000008001388                HAL_GetTick
 .text.SystemInit
                0x0000000008001394       0x14 build/system_stm32f4xx.o
                0x0000000008001394                SystemInit
 .text.Reset_Handler
                0x00000000080013a8       0x50 build/startup_stm32f410rx.o
                0x00000000080013a8                Reset_Handler
 .text.Default_Handler
                0x00000000080013f8        0x2 build/startup_stm32f410rx.o
                0x00000000080013f8                RTC_Alarm_IRQHandler
                0x00000000080013f8                EXTI2_IRQHandler
                0x00000000080013f8                FMPI2C1_EV_IRQHandler
                0x00000000080013f8                TIM1_CC_IRQHandler
                0x00000000080013f8                DMA2_Stream5_IRQHandler
                0x00000000080013f8                DMA1_Stream5_IRQHandler
                0x00000000080013f8                PVD_IRQHandler
                0x00000000080013f8                TAMP_STAMP_IRQHandler
                0x00000000080013f8                EXTI3_IRQHandler
                0x00000000080013f8                EXTI0_IRQHandler
                0x00000000080013f8                I2C2_EV_IRQHandler
                0x00000000080013f8                DMA1_Stream2_IRQHandler
                0x00000000080013f8                FPU_IRQHandler
                0x00000000080013f8                DMA2_Stream2_IRQHandler
                0x00000000080013f8                SPI1_IRQHandler
                0x00000000080013f8                TIM6_DAC_IRQHandler
                0x00000000080013f8                TIM1_BRK_TIM9_IRQHandler
                0x00000000080013f8                DMA2_Stream3_IRQHandler
                0x00000000080013f8                USART6_IRQHandler
                0x00000000080013f8                DMA2_Stream0_IRQHandler
                0x00000000080013f8                I2C1_EV_IRQHandler
                0x00000000080013f8                DMA1_Stream6_IRQHandler
                0x00000000080013f8                DMA1_Stream1_IRQHandler
                0x00000000080013f8                RCC_IRQHandler
                0x00000000080013f8                Default_Handler
                0x00000000080013f8                EXTI15_10_IRQHandler
                0x00000000080013f8                ADC_IRQHandler
                0x00000000080013f8                DMA1_Stream7_IRQHandler
                0x00000000080013f8                SPI5_IRQHandler
                0x00000000080013f8                TIM5_IRQHandler
                0x00000000080013f8                DMA2_Stream7_IRQHandler
                0x00000000080013f8                EXTI9_5_IRQHandler
                0x00000000080013f8                RTC_WKUP_IRQHandler
                0x00000000080013f8                SPI2_IRQHandler
                0x00000000080013f8                DMA1_Stream0_IRQHandler
                0x00000000080013f8                FMPI2C1_ER_IRQHandler
                0x00000000080013f8                EXTI4_IRQHandler
                0x00000000080013f8                RNG_IRQHandler
                0x00000000080013f8                TIM1_UP_IRQHandler
                0x00000000080013f8                WWDG_IRQHandler
                0x00000000080013f8                TIM1_TRG_COM_TIM11_IRQHandler
                0x00000000080013f8                EXTI1_IRQHandler
                0x00000000080013f8                USART2_IRQHandler
                0x00000000080013f8                I2C2_ER_IRQHandler
                0x00000000080013f8                DMA2_Stream1_IRQHandler
                0x00000000080013f8                FLASH_IRQHandler
                0x00000000080013f8                DMA2_Stream4_IRQHandler
                0x00000000080013f8                USART1_IRQHandler
                0x00000000080013f8                DMA1_Stream4_IRQHandler
                0x00000000080013f8                I2C1_ER_IRQHandler
                0x00000000080013f8                LPTIM1_IRQHandler
                0x00000000080013f8                DMA2_Stream6_IRQHandler
                0x00000000080013f8                DMA1_Stream3_IRQHandler
 *fill*         0x00000000080013fa        0x2 
 .text.__libc_init_array
                0x00000000080013fc       0x48 /usr/bin/../lib/gcc/arm-none-eabi/10.3.1/../../../../arm-none-eabi/lib/thumb/v7e-m+fp/hard/libc_nano.a(lib_a-init.o)
                0x00000000080013fc                __libc_init_array
 .text.memset   0x0000000008001444       0x10 /usr/bin/../lib/gcc/arm-none-eabi/10.3.1/../../../../arm-none-eabi/lib/thumb/v7e-m+fp/hard/libc_nano.a(lib_a-memset.o)
                0x0000000008001444                memset
 *(.glue_7)
 .glue_7        0x0000000008001454        0x0 linker stubs
 *(.glue_7t)
 .glue_7t       0x0000000008001454        0x0 linker stubs
 *(.eh_frame)
 .eh_frame      0x0000000008001454        0x0 /usr/bin/../lib/gcc/arm-none-eabi/10.3.1/thumb/v7e-m+fp/hard/crtbegin.o
 *(.init)
 .init          0x0000000008001454        0x4 /usr/bin/../lib/gcc/arm-none-eabi/10.3.1/thumb/v7e-m+fp/hard/crti.o
                0x0000000008001454                _init
 .init          0x0000000008001458        0x8 /usr/bin/../lib/gcc/arm-none-eabi/10.3.1/thumb/v7e-m+fp/hard/crtn.o
 *(.fini)
 .fini          0x0000000008001460        0x4 /usr/bin/../lib/gcc/arm-none-eabi/10.3.1/thumb/v7e-m+fp/hard/crti.o
                0x0000000008001460                _fini
 .fini          0x0000000008001464        0x8 /usr/bin/../lib/gcc/arm-none-eabi/10.3.1/thumb/v7e-m+fp/hard/crtn.o
                0x000000000800146c                . = ALIGN (0x4)
                0x000000000800146c                _etext = .

.vfp11_veneer   0x000000000800146c        0x0
 .vfp11_veneer  0x000000000800146c        0x0 linker stubs

.v4_bx          0x000000000800146c        0x0
 .v4_bx         0x000000000800146c        0x0 linker stubs

.iplt           0x000000000800146c        0x0
 .iplt          0x000000000800146c        0x0 /usr/bin/../lib/gcc/arm-none-eabi/10.3.1/thumb/v7e-m+fp/hard/crtbegin.o

.rodata         0x000000000800146c       0x18
                0x000000000800146c                . = ALIGN (0x4)
 *(.rodata)
 *(.rodata*)
 .rodata.AHBPrescTable
                0x000000000800146c       0x10 build/system_stm32f4xx.o
                0x000000000800146c                AHBPrescTable
 .rodata.APBPrescTable
                0x000000000800147c        0x8 build/system_stm32f4xx.o
                0x000000000800147c                APBPrescTable
                0x0000000008001484                . = ALIGN (0x4)

.ARM.extab
 *(.ARM.extab* .gnu.linkonce.armextab.*)

.ARM            0x0000000008001484        0x8
                0x0000000008001484                __exidx_start = .
 *(.ARM.exidx*)
 .ARM.exidx     0x0000000008001484        0x8 /usr/bin/../lib/gcc/arm-none-eabi/10.3.1/thumb/v7e-m+fp/hard/libgcc.a(_udivmoddi4.o)
                0x000000000800148c                __exidx_end = .

.rel.dyn        0x000000000800148c        0x0
 .rel.iplt      0x000000000800148c        0x0 /usr/bin/../lib/gcc/arm-none-eabi/10.3.1/thumb/v7e-m+fp/hard/crtbegin.o

.preinit_array  0x000000000800148c        0x0
                0x000000000800148c                PROVIDE (__preinit_array_start = .)
 *(.preinit_array*)
                0x000000000800148c                PROVIDE (__preinit_array_end = .)

.init_array     0x000000000800148c        0x4
                0x000000000800148c                PROVIDE (__init_array_start = .)
 *(SORT_BY_NAME(.init_array.*))
 *(.init_array*)
 .init_array    0x000000000800148c        0x4 /usr/bin/../lib/gcc/arm-none-eabi/10.3.1/thumb/v7e-m+fp/hard/crtbegin.o
                0x0000000008001490                PROVIDE (__init_array_end = .)

.fini_array     0x0000000008001490        0x4
                [!provide]                        PROVIDE (__fini_array_start = .)
 *(SORT_BY_NAME(.fini_array.*))
 *(.fini_array*)
 .fini_array    0x0000000008001490        0x4 /usr/bin/../lib/gcc/arm-none-eabi/10.3.1/thumb/v7e-m+fp/hard/crtbegin.o
                [!provide]                        PROVIDE (__fini_array_end = .)
                0x0000000008001494                _sidata = LOADADDR (.data)

.data           0x0000000020000000        0xc load address 0x0000000008001494
                0x0000000020000000                . = ALIGN (0x4)
                0x0000000020000000                _sdata = .
 *(.data)
 *(.data*)
 .data.uwTickFreq
                0x0000000020000000        0x1 build/stm32f4xx_hal.o
                0x0000000020000000                uwTickFreq
 *fill*         0x0000000020000001        0x3 
 .data.uwTickPrio
                0x0000000020000004        0x4 build/stm32f4xx_hal.o
                0x0000000020000004                uwTickPrio
 .data.SystemCoreClock
                0x0000000020000008        0x4 build/system_stm32f4xx.o
                0x0000000020000008                SystemCoreClock
                0x000000002000000c                . = ALIGN (0x4)
                0x000000002000000c                _edata = .

.igot.plt       0x000000002000000c        0x0 load address 0x00000000080014a0
 .igot.plt      0x000000002000000c        0x0 /usr/bin/../lib/gcc/arm-none-eabi/10.3.1/thumb/v7e-m+fp/hard/crtbegin.o
                0x000000002000000c                . = ALIGN (0x4)

.bss            0x000000002000000c       0xec load address 0x00000000080014a0
                0x000000002000000c                _sbss = .
                0x000000002000000c                __bss_start__ = _sbss
 *(.bss)
 .bss           0x000000002000000c       0x1c /usr/bin/../lib/gcc/arm-none-eabi/10.3.1/thumb/v7e-m+fp/hard/crtbegin.o
 *(.bss*)
 .bss.huart1    0x0000000020000028       0x44 build/main.o
                0x0000000020000028                huart1
 .bss.huart2    0x000000002000006c       0x44 build/main.o
                0x000000002000006c                huart2
 .bss.huart6    0x00000000200000b0       0x44 build/main.o
                0x00000000200000b0                huart6
 .bss.uwTick    0x00000000200000f4        0x4 build/stm32f4xx_hal.o
                0x00000000200000f4                uwTick
 *(COMMON)
                0x00000000200000f8                . = ALIGN (0x4)
                0x00000000200000f8                _ebss = .
                0x00000000200000f8                __bss_end__ = _ebss

._user_heap_stack
                0x00000000200000f8      0x600 load address 0x00000000080014a0
                0x00000000200000f8                . = ALIGN (0x8)
                [!provide]                        PROVIDE (end = .)
                [!provide]                        PROVIDE (_end = .)
                0x00000000200002f8                . = (. + _Min_Heap_Size)
 *fill*         0x00000000200000f8      0x200 
                0x00000000200006f8                . = (. + _Min_Stack_Size)
 *fill*         0x00000000200002f8      0x400 
                0x00000000200006f8                . = ALIGN (0x8)

/DISCARD/
 libc.a(*)
 libm.a(*)
 libgcc.a(*)

.ARM.attributes
                0x0000000000000000       0x30
 *(.ARM.attributes)
 .ARM.attributes
                0x0000000000000000       0x1e /usr/bin/../lib/gcc/arm-none-eabi/10.3.1/thumb/v7e-m+fp/hard/crti.o
 .ARM.attributes
                0x000000000000001e       0x34 /usr/bin/../lib/gcc/arm-none-eabi/10.3.1/thumb/v7e-m+fp/hard/crtbegin.o
 .ARM.attributes
                0x0000000000000052       0x34 build/main.o
 .ARM.attributes
                0x0000000000000086       0x34 build/stm32f4xx_it.o
 .ARM.attributes
                0x00000000000000ba       0x34 build/stm32f4xx_hal_msp.o
 .ARM.attributes
                0x00000000000000ee       0x34 build/stm32f4xx_hal_uart.o
 .ARM.attributes
                0x0000000000000122       0x34 build/stm32f4xx_hal_rcc.o
 .ARM.attributes
                0x0000000000000156       0x34 build/stm32f4xx_hal_rcc_ex.o
 .ARM.attributes
                0x000000000000018a       0x34 build/stm32f4xx_hal_gpio.o
 .ARM.attributes
                0x00000000000001be       0x34 build/stm32f4xx_hal_cortex.o
 .ARM.attributes
                0x00000000000001f2       0x34 build/stm32f4xx_hal.o
 .ARM.attributes
                0x0000000000000226       0x34 build/system_stm32f4xx.o
 .ARM.attributes
                0x000000000000025a       0x21 build/startup_stm32f410rx.o
 .ARM.attributes
                0x000000000000027b       0x34 /usr/bin/../lib/gcc/arm-none-eabi/10.3.1/../../../../arm-none-eabi/lib/thumb/v7e-m+fp/hard/libc_nano.a(lib_a-init.o)
 .ARM.attributes
                0x00000000000002af       0x34 /usr/bin/../lib/gcc/arm-none-eabi/10.3.1/../../../../arm-none-eabi/lib/thumb/v7e-m+fp/hard/libc_nano.a(lib_a-memset.o)
 .ARM.attributes
                0x00000000000002e3       0x1e /usr/bin/../lib/gcc/arm-none-eabi/10.3.1/thumb/v7e-m+fp/hard/libgcc.a(_aeabi_uldivmod.o)
 .ARM.attributes
                0x0000000000000301       0x34 /usr/bin/../lib/gcc/arm-none-eabi/10.3.1/thumb/v7e-m+fp/hard/libgcc.a(_udivmoddi4.o)
 .ARM.attributes
                0x0000000000000335       0x1e /usr/bin/../lib/gcc/arm-none-eabi/10.3.1/thumb/v7e-m+fp/hard/libgcc.a(_dvmd_tls.o)
 .ARM.attributes
                0x0000000000000353       0x1e /usr/bin/../lib/gcc/arm-none-eabi/10.3.1/thumb/v7e-m+fp/hard/crtn.o
OUTPUT(build/ProjectMX.elf elf32-littlearm)
LOAD linker stubs
LOAD /usr/bin/../lib/gcc/arm-none-eabi/10.3.1/../../../../arm-none-eabi/lib/thumb/v7e-m+fp/hard/libc.a
LOAD /usr/bin/../lib/gcc/arm-none-eabi/10.3.1/../../../../arm-none-eabi/lib/thumb/v7e-m+fp/hard/libm.a
LOAD /usr/bin/../lib/gcc/arm-none-eabi/10.3.1/thumb/v7e-m+fp/hard/libgcc.a

.debug_info     0x0000000000000000     0x9c69
 .debug_info    0x0000000000000000      0xe86 build/main.o
 .debug_info    0x0000000000000e86      0x15a build/stm32f4xx_it.o
 .debug_info    0x0000000000000fe0      0xb5a build/stm32f4xx_hal_msp.o
 .debug_info    0x0000000000001b3a     0x43df build/stm32f4xx_hal_uart.o
 .debug_info    0x0000000000005f19      0xbd8 build/stm32f4xx_hal_rcc.o
 .debug_info    0x0000000000006af1      0x8b3 build/stm32f4xx_hal_rcc_ex.o
 .debug_info    0x00000000000073a4      0x849 build/stm32f4xx_hal_gpio.o
 .debug_info    0x0000000000007bed     0x10c6 build/stm32f4xx_hal_cortex.o
 .debug_info    0x0000000000008cb3      0x9fe build/stm32f4xx_hal.o
 .debug_info    0x00000000000096b1      0x596 build/system_stm32f4xx.o
 .debug_info    0x0000000000009c47       0x22 build/startup_stm32f410rx.o

.debug_abbrev   0x0000000000000000     0x15a5
 .debug_abbrev  0x0000000000000000      0x273 build/main.o
 .debug_abbrev  0x0000000000000273       0x81 build/stm32f4xx_it.o
 .debug_abbrev  0x00000000000002f4      0x1b1 build/stm32f4xx_hal_msp.o
 .debug_abbrev  0x00000000000004a5      0x367 build/stm32f4xx_hal_uart.o
 .debug_abbrev  0x000000000000080c      0x2aa build/stm32f4xx_hal_rcc.o
 .debug_abbrev  0x0000000000000ab6      0x1db build/stm32f4xx_hal_rcc_ex.o
 .debug_abbrev  0x0000000000000c91      0x22b build/stm32f4xx_hal_gpio.o
 .debug_abbrev  0x0000000000000ebc      0x382 build/stm32f4xx_hal_cortex.o
 .debug_abbrev  0x000000000000123e      0x23a build/stm32f4xx_hal.o
 .debug_abbrev  0x0000000000001478      0x11b build/system_stm32f4xx.o
 .debug_abbrev  0x0000000000001593       0x12 build/startup_stm32f410rx.o

.debug_loc      0x0000000000000000     0x70ec
 .debug_loc     0x0000000000000000       0xfe build/main.o
 .debug_loc     0x00000000000000fe       0x20 build/stm32f4xx_it.o
 .debug_loc     0x000000000000011e      0x194 build/stm32f4xx_hal_msp.o
 .debug_loc     0x00000000000002b2     0x4fef build/stm32f4xx_hal_uart.o
 .debug_loc     0x00000000000052a1      0x6e4 build/stm32f4xx_hal_rcc.o
 .debug_loc     0x0000000000005985      0x6b3 build/stm32f4xx_hal_rcc_ex.o
 .debug_loc     0x0000000000006038      0x5d7 build/stm32f4xx_hal_gpio.o
 .debug_loc     0x000000000000660f      0x7a4 build/stm32f4xx_hal_cortex.o
 .debug_loc     0x0000000000006db3      0x1e1 build/stm32f4xx_hal.o
 .debug_loc     0x0000000000006f94      0x158 build/system_stm32f4xx.o

.debug_aranges  0x0000000000000000      0x5f8
 .debug_aranges
                0x0000000000000000       0x50 build/main.o
 .debug_aranges
                0x0000000000000050       0x60 build/stm32f4xx_it.o
 .debug_aranges
                0x00000000000000b0       0x30 build/stm32f4xx_hal_msp.o
 .debug_aranges
                0x00000000000000e0      0x200 build/stm32f4xx_hal_uart.o
 .debug_aranges
                0x00000000000002e0       0x88 build/stm32f4xx_hal_rcc.o
 .debug_aranges
                0x0000000000000368       0x50 build/stm32f4xx_hal_rcc_ex.o
 .debug_aranges
                0x00000000000003b8       0x58 build/stm32f4xx_hal_gpio.o
 .debug_aranges
                0x0000000000000410       0xa8 build/stm32f4xx_hal_cortex.o
 .debug_aranges
                0x00000000000004b8       0xf0 build/stm32f4xx_hal.o
 .debug_aranges
                0x00000000000005a8       0x28 build/system_stm32f4xx.o
 .debug_aranges
                0x00000000000005d0       0x28 build/startup_stm32f410rx.o

.debug_ranges   0x0000000000000000      0x5f8
 .debug_ranges  0x0000000000000000       0x40 build/main.o
 .debug_ranges  0x0000000000000040       0x50 build/stm32f4xx_it.o
 .debug_ranges  0x0000000000000090       0x20 build/stm32f4xx_hal_msp.o
 .debug_ranges  0x00000000000000b0      0x208 build/stm32f4xx_hal_uart.o
 .debug_ranges  0x00000000000002b8       0x90 build/stm32f4xx_hal_rcc.o
 .debug_ranges  0x0000000000000348       0x58 build/stm32f4xx_hal_rcc_ex.o
 .debug_ranges  0x00000000000003a0       0x48 build/stm32f4xx_hal_gpio.o
 .debug_ranges  0x00000000000003e8       0xf8 build/stm32f4xx_hal_cortex.o
 .debug_ranges  0x00000000000004e0       0xe0 build/stm32f4xx_hal.o
 .debug_ranges  0x00000000000005c0       0x18 build/system_stm32f4xx.o
 .debug_ranges  0x00000000000005d8       0x20 build/startup_stm32f410rx.o

.debug_line     0x0000000000000000     0x785a
 .debug_line    0x0000000000000000      0x494 build/main.o
 .debug_line    0x0000000000000494      0x177 build/stm32f4xx_it.o
 .debug_line    0x000000000000060b      0x2c9 build/stm32f4xx_hal_msp.o
 .debug_line    0x00000000000008d4     0x4592 build/stm32f4xx_hal_uart.o
 .debug_line    0x0000000000004e66      0xac1 build/stm32f4xx_hal_rcc.o
 .debug_line    0x0000000000005927      0xa48 build/stm32f4xx_hal_rcc_ex.o
 .debug_line    0x000000000000636f      0x652 build/stm32f4xx_hal_gpio.o
 .debug_line    0x00000000000069c1      0x71c build/stm32f4xx_hal_cortex.o
 .debug_line    0x00000000000070dd      0x513 build/stm32f4xx_hal.o
 .debug_line    0x00000000000075f0      0x1f4 build/system_stm32f4xx.o
 .debug_line    0x00000000000077e4       0x76 build/startup_stm32f410rx.o

.debug_str      0x0000000000000000     0x2082
 .debug_str     0x0000000000000000      0x8cd build/main.o
                                        0x965 (size before relaxing)
 .debug_str     0x00000000000008cd       0xb4 build/stm32f4xx_it.o
                                        0x1f8 (size before relaxing)
 .debug_str     0x0000000000000981       0x80 build/stm32f4xx_hal_msp.o
                                        0x77b (size before relaxing)
 .debug_str     0x0000000000000a01      0x6c5 build/stm32f4xx_hal_uart.o
                                        0xd22 (size before relaxing)
 .debug_str     0x00000000000010c6      0x1d7 build/stm32f4xx_hal_rcc.o
                                        0x6b7 (size before relaxing)
 .debug_str     0x000000000000129d      0x17c build/stm32f4xx_hal_rcc_ex.o
                                        0x56d (size before relaxing)
 .debug_str     0x0000000000001419      0x125 build/stm32f4xx_hal_gpio.o
                                        0x492 (size before relaxing)
 .debug_str     0x000000000000153e      0x83a build/stm32f4xx_hal_cortex.o
                                        0xa67 (size before relaxing)
 .debug_str     0x0000000000001d78      0x29f build/stm32f4xx_hal.o
                                        0x978 (size before relaxing)
 .debug_str     0x0000000000002017       0x47 build/system_stm32f4xx.o
                                        0x321 (size before relaxing)
 .debug_str     0x000000000000205e       0x24 build/startup_stm32f410rx.o
                                         0x33 (size before relaxing)

.comment        0x0000000000000000       0x49
 .comment       0x0000000000000000       0x49 build/main.o
                                         0x4a (size before relaxing)
 .comment       0x0000000000000049       0x4a build/stm32f4xx_it.o
 .comment       0x0000000000000049       0x4a build/stm32f4xx_hal_msp.o
 .comment       0x0000000000000049       0x4a build/stm32f4xx_hal_uart.o
 .comment       0x0000000000000049       0x4a build/stm32f4xx_hal_rcc.o
 .comment       0x0000000000000049       0x4a build/stm32f4xx_hal_rcc_ex.o
 .comment       0x0000000000000049       0x4a build/stm32f4xx_hal_gpio.o
 .comment       0x0000000000000049       0x4a build/stm32f4xx_hal_cortex.o
 .comment       0x0000000000000049       0x4a build/stm32f4xx_hal.o
 .comment       0x0000000000000049       0x4a build/system_stm32f4xx.o

.debug_frame    0x0000000000000000      0xeb4
 .debug_frame   0x0000000000000000       0xc0 build/main.o
 .debug_frame   0x00000000000000c0       0xa8 build/stm32f4xx_it.o
 .debug_frame   0x0000000000000168       0x64 build/stm32f4xx_hal_msp.o
 .debug_frame   0x00000000000001cc      0x5cc build/stm32f4xx_hal_uart.o
 .debug_frame   0x0000000000000798      0x16c build/stm32f4xx_hal_rcc.o
 .debug_frame   0x0000000000000904       0xc8 build/stm32f4xx_hal_rcc_ex.o
 .debug_frame   0x00000000000009cc       0xd8 build/stm32f4xx_hal_gpio.o
 .debug_frame   0x0000000000000aa4      0x148 build/stm32f4xx_hal_cortex.o
 .debug_frame   0x0000000000000bec      0x1ec build/stm32f4xx_hal.o
 .debug_frame   0x0000000000000dd8       0x30 build/system_stm32f4xx.o
 .debug_frame   0x0000000000000e08       0x2c /usr/bin/../lib/gcc/arm-none-eabi/10.3.1/../../../../arm-none-eabi/lib/thumb/v7e-m+fp/hard/libc_nano.a(lib_a-init.o)
 .debug_frame   0x0000000000000e34       0x20 /usr/bin/../lib/gcc/arm-none-eabi/10.3.1/../../../../arm-none-eabi/lib/thumb/v7e-m+fp/hard/libc_nano.a(lib_a-memset.o)
 .debug_frame   0x0000000000000e54       0x2c /usr/bin/../lib/gcc/arm-none-eabi/10.3.1/thumb/v7e-m+fp/hard/libgcc.a(_aeabi_uldivmod.o)
 .debug_frame   0x0000000000000e80       0x34 /usr/bin/../lib/gcc/arm-none-eabi/10.3.1/thumb/v7e-m+fp/hard/libgcc.a(_udivmoddi4.o)

Cross Reference Table

Symbol                                            File
ADC_IRQHandler                                    build/startup_stm32f410rx.o
AHBPrescTable                                     build/system_stm32f4xx.o
                                                  build/stm32f4xx_hal_rcc.o
APBPrescTable                                     build/system_stm32f4xx.o
                                                  build/stm32f4xx_hal_rcc.o
BusFault_Handler                                  build/stm32f4xx_it.o
DMA1_Stream0_IRQHandler                           build/startup_stm32f410rx.o
DMA1_Stream1_IRQHandler                           build/startup_stm32f410rx.o
DMA1_Stream2_IRQHandler                           build/startup_stm32f410rx.o
DMA1_Stream3_IRQHandler                           build/startup_stm32f410rx.o
DMA1_Stream4_IRQHandler                           build/startup_stm32f410rx.o
DMA1_Stream5_IRQHandler                           build/startup_stm32f410rx.o
DMA1_Stream6_IRQHandler                           build/startup_stm32f410rx.o
DMA1_Stream7_IRQHandler                           build/startup_stm32f410rx.o
DMA2_Stream0_IRQHandler                           build/startup_stm32f410rx.o
DMA2_Stream1_IRQHandler                           build/startup_stm32f410rx.o
DMA2_Stream2_IRQHandler                           build/startup_stm32f410rx.o
DMA2_Stream3_IRQHandler                           build/startup_stm32f410rx.o
DMA2_Stream4_IRQHandler                           build/startup_stm32f410rx.o
DMA2_Stream5_IRQHandler                           build/startup_stm32f410rx.o
DMA2_Stream6_IRQHandler                           build/startup_stm32f410rx.o
DMA2_Stream7_IRQHandler                           build/startup_stm32f410rx.o
DebugMon_Handler                                  build/stm32f4xx_it.o
Default_Handler                                   build/startup_stm32f410rx.o
EXTI0_IRQHandler                                  build/startup_stm32f410rx.o
EXTI15_10_IRQHandler                              build/startup_stm32f410rx.o
EXTI1_IRQHandler                                  build/startup_stm32f410rx.o
EXTI2_IRQHandler                                  build/startup_stm32f410rx.o
EXTI3_IRQHandler                                  build/startup_stm32f410rx.o
EXTI4_IRQHandler                                  build/startup_stm32f410rx.o
EXTI9_5_IRQHandler                                build/startup_stm32f410rx.o
Error_Handler                                     build/main.o
FLASH_Erase_Sector                                build/stm32f4xx_hal_flash_ex.o
                                                  build/stm32f4xx_hal_flash.o
FLASH_FlushCaches                                 build/stm32f4xx_hal_flash_ex.o
                                                  build/stm32f4xx_hal_flash.o
FLASH_IRQHandler                                  build/startup_stm32f410rx.o
FLASH_WaitForLastOperation                        build/stm32f4xx_hal_flash.o
                                                  build/stm32f4xx_hal_flash_ex.o
FMPI2C1_ER_IRQHandler                             build/startup_stm32f410rx.o
FMPI2C1_EV_IRQHandler                             build/startup_stm32f410rx.o
FPU_IRQHandler                                    build/startup_stm32f410rx.o
HAL_DBGMCU_DisableDBGSleepMode                    build/stm32f4xx_hal.o
HAL_DBGMCU_DisableDBGStandbyMode                  build/stm32f4xx_hal.o
HAL_DBGMCU_DisableDBGStopMode                     build/stm32f4xx_hal.o
HAL_DBGMCU_EnableDBGSleepMode                     build/stm32f4xx_hal.o
HAL_DBGMCU_EnableDBGStandbyMode                   build/stm32f4xx_hal.o
HAL_DBGMCU_EnableDBGStopMode                      build/stm32f4xx_hal.o
HAL_DMAEx_ChangeMemory                            build/stm32f4xx_hal_dma_ex.o
HAL_DMAEx_MultiBufferStart                        build/stm32f4xx_hal_dma_ex.o
HAL_DMAEx_MultiBufferStart_IT                     build/stm32f4xx_hal_dma_ex.o
HAL_DMA_Abort                                     build/stm32f4xx_hal_dma.o
                                                  build/stm32f4xx_hal_uart.o
HAL_DMA_Abort_IT                                  build/stm32f4xx_hal_dma.o
                                                  build/stm32f4xx_hal_uart.o
HAL_DMA_DeInit                                    build/stm32f4xx_hal_dma.o
HAL_DMA_GetError                                  build/stm32f4xx_hal_dma.o
                                                  build/stm32f4xx_hal_uart.o
HAL_DMA_GetState                                  build/stm32f4xx_hal_dma.o
HAL_DMA_IRQHandler                                build/stm32f4xx_hal_dma.o
HAL_DMA_Init                                      build/stm32f4xx_hal_dma.o
HAL_DMA_PollForTransfer                           build/stm32f4xx_hal_dma.o
HAL_DMA_RegisterCallback                          build/stm32f4xx_hal_dma.o
HAL_DMA_Start                                     build/stm32f4xx_hal_dma.o
HAL_DMA_Start_IT                                  build/stm32f4xx_hal_dma.o
                                                  build/stm32f4xx_hal_uart.o
HAL_DMA_UnRegisterCallback                        build/stm32f4xx_hal_dma.o
HAL_DeInit                                        build/stm32f4xx_hal.o
HAL_Delay                                         build/stm32f4xx_hal.o
HAL_DisableCompensationCell                       build/stm32f4xx_hal.o
HAL_EXTI_ClearConfigLine                          build/stm32f4xx_hal_exti.o
HAL_EXTI_ClearPending                             build/stm32f4xx_hal_exti.o
HAL_EXTI_GenerateSWI                              build/stm32f4xx_hal_exti.o
HAL_EXTI_GetConfigLine                            build/stm32f4xx_hal_exti.o
HAL_EXTI_GetHandle                                build/stm32f4xx_hal_exti.o
HAL_EXTI_GetPending                               build/stm32f4xx_hal_exti.o
HAL_EXTI_IRQHandler                               build/stm32f4xx_hal_exti.o
HAL_EXTI_RegisterCallback                         build/stm32f4xx_hal_exti.o
HAL_EXTI_SetConfigLine                            build/stm32f4xx_hal_exti.o
HAL_EnableCompensationCell                        build/stm32f4xx_hal.o
HAL_FLASHEx_AdvOBGetConfig                        build/stm32f4xx_hal_flash_ex.o
HAL_FLASHEx_AdvOBProgram                          build/stm32f4xx_hal_flash_ex.o
HAL_FLASHEx_DisableFlashSleepMode                 build/stm32f4xx_hal_flash_ramfunc.o
HAL_FLASHEx_EnableFlashSleepMode                  build/stm32f4xx_hal_flash_ramfunc.o
HAL_FLASHEx_Erase                                 build/stm32f4xx_hal_flash_ex.o
HAL_FLASHEx_Erase_IT                              build/stm32f4xx_hal_flash_ex.o
HAL_FLASHEx_OBGetConfig                           build/stm32f4xx_hal_flash_ex.o
HAL_FLASHEx_OBProgram                             build/stm32f4xx_hal_flash_ex.o
HAL_FLASHEx_OB_DeSelectPCROP                      build/stm32f4xx_hal_flash_ex.o
HAL_FLASHEx_OB_SelectPCROP                        build/stm32f4xx_hal_flash_ex.o
HAL_FLASHEx_StartFlashInterfaceClk                build/stm32f4xx_hal_flash_ramfunc.o
HAL_FLASHEx_StopFlashInterfaceClk                 build/stm32f4xx_hal_flash_ramfunc.o
HAL_FLASH_EndOfOperationCallback                  build/stm32f4xx_hal_flash.o
HAL_FLASH_GetError                                build/stm32f4xx_hal_flash.o
HAL_FLASH_IRQHandler                              build/stm32f4xx_hal_flash.o
HAL_FLASH_Lock                                    build/stm32f4xx_hal_flash.o
HAL_FLASH_OB_Launch                               build/stm32f4xx_hal_flash.o
HAL_FLASH_OB_Lock                                 build/stm32f4xx_hal_flash.o
HAL_FLASH_OB_Unlock                               build/stm32f4xx_hal_flash.o
HAL_FLASH_OperationErrorCallback                  build/stm32f4xx_hal_flash.o
HAL_FLASH_Program                                 build/stm32f4xx_hal_flash.o
HAL_FLASH_Program_IT                              build/stm32f4xx_hal_flash.o
HAL_FLASH_Unlock                                  build/stm32f4xx_hal_flash.o
HAL_GPIO_DeInit                                   build/stm32f4xx_hal_gpio.o
                                                  build/stm32f4xx_hal_msp.o
HAL_GPIO_EXTI_Callback                            build/stm32f4xx_hal_gpio.o
HAL_GPIO_EXTI_IRQHandler                          build/stm32f4xx_hal_gpio.o
HAL_GPIO_Init                                     build/stm32f4xx_hal_gpio.o
                                                  build/stm32f4xx_hal_rcc.o
                                                  build/stm32f4xx_hal_msp.o
                                                  build/main.o
HAL_GPIO_LockPin                                  build/stm32f4xx_hal_gpio.o
HAL_GPIO_ReadPin                                  build/stm32f4xx_hal_gpio.o
HAL_GPIO_TogglePin                                build/stm32f4xx_hal_gpio.o
HAL_GPIO_WritePin                                 build/stm32f4xx_hal_gpio.o
                                                  build/main.o
HAL_GetDEVID                                      build/stm32f4xx_hal.o
HAL_GetHalVersion                                 build/stm32f4xx_hal.o
HAL_GetREVID                                      build/stm32f4xx_hal.o
HAL_GetTick                                       build/stm32f4xx_hal.o
                                                  build/stm32f4xx_hal_pwr_ex.o
                                                  build/stm32f4xx_hal_dma.o
                                                  build/stm32f4xx_hal_flash.o
                                                  build/stm32f4xx_hal_rcc_ex.o
                                                  build/stm32f4xx_hal_rcc.o
                                                  build/stm32f4xx_hal_uart.o
HAL_GetTickFreq                                   build/stm32f4xx_hal.o
HAL_GetTickPrio                                   build/stm32f4xx_hal.o
HAL_GetUIDw0                                      build/stm32f4xx_hal.o
HAL_GetUIDw1                                      build/stm32f4xx_hal.o
HAL_GetUIDw2                                      build/stm32f4xx_hal.o
HAL_HalfDuplex_EnableReceiver                     build/stm32f4xx_hal_uart.o
HAL_HalfDuplex_EnableTransmitter                  build/stm32f4xx_hal_uart.o
HAL_HalfDuplex_Init                               build/stm32f4xx_hal_uart.o
HAL_IncTick                                       build/stm32f4xx_hal.o
                                                  build/stm32f4xx_it.o
HAL_Init                                          build/stm32f4xx_hal.o
                                                  build/main.o
HAL_InitTick                                      build/stm32f4xx_hal.o
                                                  build/stm32f4xx_hal_rcc_ex.o
                                                  build/stm32f4xx_hal_rcc.o
HAL_LIN_Init                                      build/stm32f4xx_hal_uart.o
HAL_LIN_SendBreak                                 build/stm32f4xx_hal_uart.o
HAL_MPU_ConfigRegion                              build/stm32f4xx_hal_cortex.o
HAL_MPU_Disable                                   build/stm32f4xx_hal_cortex.o
HAL_MPU_Enable                                    build/stm32f4xx_hal_cortex.o
HAL_MspDeInit                                     build/stm32f4xx_hal.o
HAL_MspInit                                       build/stm32f4xx_hal_msp.o
HAL_MultiProcessor_EnterMuteMode                  build/stm32f4xx_hal_uart.o
HAL_MultiProcessor_ExitMuteMode                   build/stm32f4xx_hal_uart.o
HAL_MultiProcessor_Init                           build/stm32f4xx_hal_uart.o
HAL_NVIC_ClearPendingIRQ                          build/stm32f4xx_hal_cortex.o
HAL_NVIC_DisableIRQ                               build/stm32f4xx_hal_cortex.o
HAL_NVIC_EnableIRQ                                build/stm32f4xx_hal_cortex.o
HAL_NVIC_GetActive                                build/stm32f4xx_hal_cortex.o
HAL_NVIC_GetPendingIRQ                            build/stm32f4xx_hal_cortex.o
HAL_NVIC_GetPriority                              build/stm32f4xx_hal_cortex.o
HAL_NVIC_GetPriorityGrouping                      build/stm32f4xx_hal_cortex.o
HAL_NVIC_SetPendingIRQ                            build/stm32f4xx_hal_cortex.o
HAL_NVIC_SetPriority                              build/stm32f4xx_hal_cortex.o
                                                  build/stm32f4xx_hal.o
HAL_NVIC_SetPriorityGrouping                      build/stm32f4xx_hal_cortex.o
                                                  build/stm32f4xx_hal.o
                                                  build/stm32f4xx_hal_msp.o
HAL_NVIC_SystemReset                              build/stm32f4xx_hal_cortex.o
HAL_PWREx_ControlVoltageScaling                   build/stm32f4xx_hal_pwr_ex.o
HAL_PWREx_DisableBkUpReg                          build/stm32f4xx_hal_pwr_ex.o
HAL_PWREx_DisableFlashPowerDown                   build/stm32f4xx_hal_pwr_ex.o
HAL_PWREx_DisableLowRegulatorLowVoltage           build/stm32f4xx_hal_pwr_ex.o
HAL_PWREx_DisableMainRegulatorLowVoltage          build/stm32f4xx_hal_pwr_ex.o
HAL_PWREx_EnableBkUpReg                           build/stm32f4xx_hal_pwr_ex.o
HAL_PWREx_EnableFlashPowerDown                    build/stm32f4xx_hal_pwr_ex.o
HAL_PWREx_EnableLowRegulatorLowVoltage            build/stm32f4xx_hal_pwr_ex.o
HAL_PWREx_EnableMainRegulatorLowVoltage           build/stm32f4xx_hal_pwr_ex.o
HAL_PWREx_GetVoltageRange                         build/stm32f4xx_hal_pwr_ex.o
HAL_PWR_ConfigPVD                                 build/stm32f4xx_hal_pwr.o
HAL_PWR_DeInit                                    build/stm32f4xx_hal_pwr.o
HAL_PWR_DisableBkUpAccess                         build/stm32f4xx_hal_pwr.o
HAL_PWR_DisablePVD                                build/stm32f4xx_hal_pwr.o
HAL_PWR_DisableSEVOnPend                          build/stm32f4xx_hal_pwr.o
HAL_PWR_DisableSleepOnExit                        build/stm32f4xx_hal_pwr.o
HAL_PWR_DisableWakeUpPin                          build/stm32f4xx_hal_pwr.o
HAL_PWR_EnableBkUpAccess                          build/stm32f4xx_hal_pwr.o
HAL_PWR_EnablePVD                                 build/stm32f4xx_hal_pwr.o
HAL_PWR_EnableSEVOnPend                           build/stm32f4xx_hal_pwr.o
HAL_PWR_EnableSleepOnExit                         build/stm32f4xx_hal_pwr.o
HAL_PWR_EnableWakeUpPin                           build/stm32f4xx_hal_pwr.o
HAL_PWR_EnterSLEEPMode                            build/stm32f4xx_hal_pwr.o
HAL_PWR_EnterSTANDBYMode                          build/stm32f4xx_hal_pwr.o
HAL_PWR_EnterSTOPMode                             build/stm32f4xx_hal_pwr.o
HAL_PWR_PVDCallback                               build/stm32f4xx_hal_pwr.o
HAL_PWR_PVD_IRQHandler                            build/stm32f4xx_hal_pwr.o
HAL_RCCEx_GetPeriphCLKConfig                      build/stm32f4xx_hal_rcc_ex.o
HAL_RCCEx_GetPeriphCLKFreq                        build/stm32f4xx_hal_rcc_ex.o
HAL_RCCEx_PeriphCLKConfig                         build/stm32f4xx_hal_rcc_ex.o
HAL_RCCEx_SelectLSEMode                           build/stm32f4xx_hal_rcc_ex.o
HAL_RCC_CSSCallback                               build/stm32f4xx_hal_rcc.o
HAL_RCC_ClockConfig                               build/stm32f4xx_hal_rcc.o
                                                  build/main.o
HAL_RCC_DeInit                                    build/stm32f4xx_hal_rcc_ex.o
                                                  build/stm32f4xx_hal_rcc.o
HAL_RCC_DisableCSS                                build/stm32f4xx_hal_rcc.o
HAL_RCC_EnableCSS                                 build/stm32f4xx_hal_rcc.o
HAL_RCC_GetClockConfig                            build/stm32f4xx_hal_rcc.o
HAL_RCC_GetHCLKFreq                               build/stm32f4xx_hal_rcc.o
HAL_RCC_GetOscConfig                              build/stm32f4xx_hal_rcc_ex.o
                                                  build/stm32f4xx_hal_rcc.o
HAL_RCC_GetPCLK1Freq                              build/stm32f4xx_hal_rcc.o
                                                  build/stm32f4xx_hal_uart.o
HAL_RCC_GetPCLK2Freq                              build/stm32f4xx_hal_rcc.o
                                                  build/stm32f4xx_hal_uart.o
HAL_RCC_GetSysClockFreq                           build/stm32f4xx_hal_rcc.o
HAL_RCC_MCOConfig                                 build/stm32f4xx_hal_rcc.o
HAL_RCC_NMI_IRQHandler                            build/stm32f4xx_hal_rcc.o
HAL_RCC_OscConfig                                 build/stm32f4xx_hal_rcc_ex.o
                                                  build/stm32f4xx_hal_rcc.o
                                                  build/main.o
HAL_ResumeTick                                    build/stm32f4xx_hal.o
HAL_SYSTICK_CLKSourceConfig                       build/stm32f4xx_hal_cortex.o
HAL_SYSTICK_Callback                              build/stm32f4xx_hal_cortex.o
HAL_SYSTICK_Config                                build/stm32f4xx_hal_cortex.o
                                                  build/stm32f4xx_hal.o
HAL_SYSTICK_IRQHandler                            build/stm32f4xx_hal_cortex.o
HAL_SetTickFreq                                   build/stm32f4xx_hal.o
HAL_SuspendTick                                   build/stm32f4xx_hal.o
HAL_UARTEx_ReceiveToIdle                          build/stm32f4xx_hal_uart.o
HAL_UARTEx_ReceiveToIdle_DMA                      build/stm32f4xx_hal_uart.o
HAL_UARTEx_ReceiveToIdle_IT                       build/stm32f4xx_hal_uart.o
HAL_UARTEx_RxEventCallback                        build/stm32f4xx_hal_uart.o
HAL_UART_Abort                                    build/stm32f4xx_hal_uart.o
HAL_UART_AbortCpltCallback                        build/stm32f4xx_hal_uart.o
HAL_UART_AbortReceive                             build/stm32f4xx_hal_uart.o
HAL_UART_AbortReceiveCpltCallback                 build/stm32f4xx_hal_uart.o
HAL_UART_AbortReceive_IT                          build/stm32f4xx_hal_uart.o
HAL_UART_AbortTransmit                            build/stm32f4xx_hal_uart.o
HAL_UART_AbortTransmitCpltCallback                build/stm32f4xx_hal_uart.o
HAL_UART_AbortTransmit_IT                         build/stm32f4xx_hal_uart.o
HAL_UART_Abort_IT                                 build/stm32f4xx_hal_uart.o
HAL_UART_DMAPause                                 build/stm32f4xx_hal_uart.o
HAL_UART_DMAResume                                build/stm32f4xx_hal_uart.o
HAL_UART_DMAStop                                  build/stm32f4xx_hal_uart.o
HAL_UART_DeInit                                   build/stm32f4xx_hal_uart.o
HAL_UART_ErrorCallback                            build/stm32f4xx_hal_uart.o
HAL_UART_GetError                                 build/stm32f4xx_hal_uart.o
HAL_UART_GetState                                 build/stm32f4xx_hal_uart.o
HAL_UART_IRQHandler                               build/stm32f4xx_hal_uart.o
HAL_UART_Init                                     build/stm32f4xx_hal_uart.o
                                                  build/main.o
HAL_UART_MspDeInit                                build/stm32f4xx_hal_msp.o
HAL_UART_MspInit                                  build/stm32f4xx_hal_msp.o
HAL_UART_Receive                                  build/stm32f4xx_hal_uart.o
HAL_UART_Receive_DMA                              build/stm32f4xx_hal_uart.o
HAL_UART_Receive_IT                               build/stm32f4xx_hal_uart.o
HAL_UART_RxCpltCallback                           build/stm32f4xx_hal_uart.o
HAL_UART_RxHalfCpltCallback                       build/stm32f4xx_hal_uart.o
HAL_UART_Transmit                                 build/stm32f4xx_hal_uart.o
HAL_UART_Transmit_DMA                             build/stm32f4xx_hal_uart.o
HAL_UART_Transmit_IT                              build/stm32f4xx_hal_uart.o
HAL_UART_TxCpltCallback                           build/stm32f4xx_hal_uart.o
HAL_UART_TxHalfCpltCallback                       build/stm32f4xx_hal_uart.o
HardFault_Handler                                 build/stm32f4xx_it.o
I2C1_ER_IRQHandler                                build/startup_stm32f410rx.o
I2C1_EV_IRQHandler                                build/startup_stm32f410rx.o
I2C2_ER_IRQHandler                                build/startup_stm32f410rx.o
I2C2_EV_IRQHandler                                build/startup_stm32f410rx.o
LPTIM1_IRQHandler                                 build/startup_stm32f410rx.o
MemManage_Handler                                 build/stm32f4xx_it.o
NMI_Handler                                       build/stm32f4xx_it.o
PVD_IRQHandler                                    build/startup_stm32f410rx.o
PendSV_Handler                                    build/stm32f4xx_it.o
RCC_IRQHandler                                    build/startup_stm32f410rx.o
RNG_IRQHandler                                    build/startup_stm32f410rx.o
RTC_Alarm_IRQHandler                              build/startup_stm32f410rx.o
RTC_WKUP_IRQHandler                               build/startup_stm32f410rx.o
Reset_Handler                                     build/startup_stm32f410rx.o
SPI1_IRQHandler                                   build/startup_stm32f410rx.o
SPI2_IRQHandler                                   build/startup_stm32f410rx.o
SPI5_IRQHandler                                   build/startup_stm32f410rx.o
SVC_Handler                                       build/stm32f4xx_it.o
SysTick_Handler                                   build/stm32f4xx_it.o
SystemClock_Config                                build/main.o
SystemCoreClock                                   build/system_stm32f4xx.o
                                                  build/stm32f4xx_hal.o
                                                  build/stm32f4xx_hal_dma.o
                                                  build/stm32f4xx_hal_rcc_ex.o
                                                  build/stm32f4xx_hal_rcc.o
SystemCoreClockUpdate                             build/system_stm32f4xx.o
SystemInit                                        build/system_stm32f4xx.o
                                                  build/startup_stm32f410rx.o
TAMP_STAMP_IRQHandler                             build/startup_stm32f410rx.o
TIM1_BRK_TIM9_IRQHandler                          build/startup_stm32f410rx.o
TIM1_CC_IRQHandler                                build/startup_stm32f410rx.o
TIM1_TRG_COM_TIM11_IRQHandler                     build/startup_stm32f410rx.o
TIM1_UP_IRQHandler                                build/startup_stm32f410rx.o
TIM5_IRQHandler                                   build/startup_stm32f410rx.o
TIM6_DAC_IRQHandler                               build/startup_stm32f410rx.o
UART_Start_Receive_DMA                            build/stm32f4xx_hal_uart.o
UART_Start_Receive_IT                             build/stm32f4xx_hal_uart.o
USART1_IRQHandler                                 build/startup_stm32f410rx.o
USART2_IRQHandler                                 build/startup_stm32f410rx.o
USART6_IRQHandler                                 build/startup_stm32f410rx.o
UsageFault_Handler                                build/stm32f4xx_it.o
WWDG_IRQHandler                                   build/startup_stm32f410rx.o
__aeabi_idiv0                                     /usr/bin/../lib/gcc/arm-none-eabi/10.3.1/thumb/v7e-m+fp/hard/libgcc.a(_dvmd_tls.o)
__aeabi_ldiv0                                     /usr/bin/../lib/gcc/arm-none-eabi/10.3.1/thumb/v7e-m+fp/hard/libgcc.a(_dvmd_tls.o)
                                                  /usr/bin/../lib/gcc/arm-none-eabi/10.3.1/thumb/v7e-m+fp/hard/libgcc.a(_aeabi_uldivmod.o)
__aeabi_uldivmod                                  /usr/bin/../lib/gcc/arm-none-eabi/10.3.1/thumb/v7e-m+fp/hard/libgcc.a(_aeabi_uldivmod.o)
                                                  build/stm32f4xx_hal_rcc.o
                                                  build/stm32f4xx_hal_uart.o
__bss_end__                                       /usr/bin/../lib/gcc/arm-none-eabi/10.3.1/../../../../arm-none-eabi/lib/thumb/v7e-m+fp/hard/crt0.o
__bss_start__                                     /usr/bin/../lib/gcc/arm-none-eabi/10.3.1/../../../../arm-none-eabi/lib/thumb/v7e-m+fp/hard/crt0.o
__call_exitprocs                                  /usr/bin/../lib/gcc/arm-none-eabi/10.3.1/../../../../arm-none-eabi/lib/thumb/v7e-m+fp/hard/libc_nano.a(lib_a-exit.o)
__deregister_frame_info                           /usr/bin/../lib/gcc/arm-none-eabi/10.3.1/thumb/v7e-m+fp/hard/crtbegin.o
__dso_handle                                      /usr/bin/../lib/gcc/arm-none-eabi/10.3.1/thumb/v7e-m+fp/hard/crtbegin.o
__init_array_end                                  /usr/bin/../lib/gcc/arm-none-eabi/10.3.1/../../../../arm-none-eabi/lib/thumb/v7e-m+fp/hard/libc_nano.a(lib_a-init.o)
__init_array_start                                /usr/bin/../lib/gcc/arm-none-eabi/10.3.1/../../../../arm-none-eabi/lib/thumb/v7e-m+fp/hard/libc_nano.a(lib_a-init.o)
__libc_fini_array                                 /usr/bin/../lib/gcc/arm-none-eabi/10.3.1/../../../../arm-none-eabi/lib/thumb/v7e-m+fp/hard/crt0.o
__libc_init_array                                 /usr/bin/../lib/gcc/arm-none-eabi/10.3.1/../../../../arm-none-eabi/lib/thumb/v7e-m+fp/hard/libc_nano.a(lib_a-init.o)
                                                  build/startup_stm32f410rx.o
                                                  /usr/bin/../lib/gcc/arm-none-eabi/10.3.1/../../../../arm-none-eabi/lib/thumb/v7e-m+fp/hard/crt0.o
__preinit_array_end                               /usr/bin/../lib/gcc/arm-none-eabi/10.3.1/../../../../arm-none-eabi/lib/thumb/v7e-m+fp/hard/libc_nano.a(lib_a-init.o)
__preinit_array_start                             /usr/bin/../lib/gcc/arm-none-eabi/10.3.1/../../../../arm-none-eabi/lib/thumb/v7e-m+fp/hard/libc_nano.a(lib_a-init.o)
__register_frame_info                             /usr/bin/../lib/gcc/arm-none-eabi/10.3.1/thumb/v7e-m+fp/hard/crtbegin.o
__sf_fake_stderr                                  /usr/bin/../lib/gcc/arm-none-eabi/10.3.1/../../../../arm-none-eabi/lib/thumb/v7e-m+fp/hard/libc_nano.a(lib_a-impure.o)
__sf_fake_stdin                                   /usr/bin/../lib/gcc/arm-none-eabi/10.3.1/../../../../arm-none-eabi/lib/thumb/v7e-m+fp/hard/libc_nano.a(lib_a-impure.o)
__sf_fake_stdout                                  /usr/bin/../lib/gcc/arm-none-eabi/10.3.1/../../../../arm-none-eabi/lib/thumb/v7e-m+fp/hard/libc_nano.a(lib_a-impure.o)
__stack                                           /usr/bin/../lib/gcc/arm-none-eabi/10.3.1/../../../../arm-none-eabi/lib/thumb/v7e-m+fp/hard/crt0.o
__udivmoddi4                                      /usr/bin/../lib/gcc/arm-none-eabi/10.3.1/thumb/v7e-m+fp/hard/libgcc.a(_udivmoddi4.o)
                                                  /usr/bin/../lib/gcc/arm-none-eabi/10.3.1/thumb/v7e-m+fp/hard/libgcc.a(_aeabi_uldivmod.o)
_ebss                                             build/startup_stm32f410rx.o
_edata                                            build/startup_stm32f410rx.o
_estack                                           build/startup_stm32f410rx.o
_exit                                             /usr/bin/../lib/gcc/arm-none-eabi/10.3.1/../../../../arm-none-eabi/lib/thumb/v7e-m+fp/hard/libnosys.a(_exit.o)
                                                  /usr/bin/../lib/gcc/arm-none-eabi/10.3.1/../../../../arm-none-eabi/lib/thumb/v7e-m+fp/hard/libc_nano.a(lib_a-exit.o)
_fini                                             /usr/bin/../lib/gcc/arm-none-eabi/10.3.1/thumb/v7e-m+fp/hard/crti.o
_global_impure_ptr                                /usr/bin/../lib/gcc/arm-none-eabi/10.3.1/../../../../arm-none-eabi/lib/thumb/v7e-m+fp/hard/libc_nano.a(lib_a-impure.o)
                                                  /usr/bin/../lib/gcc/arm-none-eabi/10.3.1/../../../../arm-none-eabi/lib/thumb/v7e-m+fp/hard/libc_nano.a(lib_a-exit.o)
_impure_ptr                                       /usr/bin/../lib/gcc/arm-none-eabi/10.3.1/../../../../arm-none-eabi/lib/thumb/v7e-m+fp/hard/libc_nano.a(lib_a-impure.o)
_init                                             /usr/bin/../lib/gcc/arm-none-eabi/10.3.1/thumb/v7e-m+fp/hard/crti.o
                                                  /usr/bin/../lib/gcc/arm-none-eabi/10.3.1/../../../../arm-none-eabi/lib/thumb/v7e-m+fp/hard/libc_nano.a(lib_a-init.o)
_mainCRTStartup                                   /usr/bin/../lib/gcc/arm-none-eabi/10.3.1/../../../../arm-none-eabi/lib/thumb/v7e-m+fp/hard/crt0.o
_sbss                                             build/startup_stm32f410rx.o
_sdata                                            build/startup_stm32f410rx.o
_sidata                                           build/startup_stm32f410rx.o
_stack_init                                       /usr/bin/../lib/gcc/arm-none-eabi/10.3.1/../../../../arm-none-eabi/lib/thumb/v7e-m+fp/hard/crt0.o
_start                                            /usr/bin/../lib/gcc/arm-none-eabi/10.3.1/../../../../arm-none-eabi/lib/thumb/v7e-m+fp/hard/crt0.o
atexit                                            /usr/bin/../lib/gcc/arm-none-eabi/10.3.1/../../../../arm-none-eabi/lib/thumb/v7e-m+fp/hard/crt0.o
exit                                              /usr/bin/../lib/gcc/arm-none-eabi/10.3.1/../../../../arm-none-eabi/lib/thumb/v7e-m+fp/hard/libc_nano.a(lib_a-exit.o)
                                                  /usr/bin/../lib/gcc/arm-none-eabi/10.3.1/../../../../arm-none-eabi/lib/thumb/v7e-m+fp/hard/crt0.o
g_pfnVectors                                      build/startup_stm32f410rx.o
hardware_init_hook                                /usr/bin/../lib/gcc/arm-none-eabi/10.3.1/../../../../arm-none-eabi/lib/thumb/v7e-m+fp/hard/crt0.o
huart1                                            build/main.o
huart2                                            build/main.o
huart6                                            build/main.o
main                                              build/main.o
                                                  build/startup_stm32f410rx.o
                                                  /usr/bin/../lib/gcc/arm-none-eabi/10.3.1/../../../../arm-none-eabi/lib/thumb/v7e-m+fp/hard/crt0.o
memset                                            /usr/bin/../lib/gcc/arm-none-eabi/10.3.1/../../../../arm-none-eabi/lib/thumb/v7e-m+fp/hard/libc_nano.a(lib_a-memset.o)
                                                  build/main.o
                                                  /usr/bin/../lib/gcc/arm-none-eabi/10.3.1/../../../../arm-none-eabi/lib/thumb/v7e-m+fp/hard/crt0.o
pFlash                                            build/stm32f4xx_hal_flash.o
                                                  build/stm32f4xx_hal_flash_ex.o
software_init_hook                                /usr/bin/../lib/gcc/arm-none-eabi/10.3.1/../../../../arm-none-eabi/lib/thumb/v7e-m+fp/hard/crt0.o
uwTick                                            build/stm32f4xx_hal.o
uwTickFreq                                        build/stm32f4xx_hal.o
uwTickPrio                                        build/stm32f4xx_hal.o
                                                  build/stm32f4xx_hal_rcc_ex.o
                                                  build/stm32f4xx_hal_rcc.o
